Archive member included to satisfy reference by file (symbol)

D:\Elektro\_Projekty\Radio Si4731-C40\MicrochipStudio projekt\Si4731\ArduinoCore\Release\libArduinoCore.a(main.o)
                              C:/Program Files (x86)/Atmel/Studio/7.0/Packs/atmel/ATmega_DFP/2.0.401/gcc/dev/atmega328/avr5/crtatmega328.o (main)
D:\Elektro\_Projekty\Radio Si4731-C40\MicrochipStudio projekt\Si4731\ArduinoCore\Release\libArduinoCore.a(wiring.o)
                              Sketch.o (delay)
D:\Elektro\_Projekty\Radio Si4731-C40\MicrochipStudio projekt\Si4731\ArduinoCore\Release\libArduinoCore.a(wiring_digital.o)
                              Sketch.o (pinMode)
D:\Elektro\_Projekty\Radio Si4731-C40\MicrochipStudio projekt\Si4731\ArduinoCore\Release\libArduinoCore.a(wiring_shift.o)
                              Sketch.o (shiftOut)
D:\Elektro\_Projekty\Radio Si4731-C40\MicrochipStudio projekt\Si4731\ArduinoCore\Release\libArduinoCore.a(SI4735.o)
                              Sketch.o (_ZN6SI4735C1Ev)
D:\Elektro\_Projekty\Radio Si4731-C40\MicrochipStudio projekt\Si4731\ArduinoCore\Release\libArduinoCore.a(Wire.o)
                              D:\Elektro\_Projekty\Radio Si4731-C40\MicrochipStudio projekt\Si4731\ArduinoCore\Release\libArduinoCore.a(SI4735.o) (_ZN7TwoWire4readEv)
D:\Elektro\_Projekty\Radio Si4731-C40\MicrochipStudio projekt\Si4731\ArduinoCore\Release\libArduinoCore.a(hooks.o)
                              D:\Elektro\_Projekty\Radio Si4731-C40\MicrochipStudio projekt\Si4731\ArduinoCore\Release\libArduinoCore.a(wiring.o) (yield)
D:\Elektro\_Projekty\Radio Si4731-C40\MicrochipStudio projekt\Si4731\ArduinoCore\Release\libArduinoCore.a(twi.o)
                              D:\Elektro\_Projekty\Radio Si4731-C40\MicrochipStudio projekt\Si4731\ArduinoCore\Release\libArduinoCore.a(Wire.o) (twi_init)
c:/program files (x86)/atmel/studio/7.0/toolchain/avr8/avr8-gnu-toolchain/bin/../lib/gcc/avr/5.4.0/avr5\libgcc.a(_mulsi3.o)
                              D:\Elektro\_Projekty\Radio Si4731-C40\MicrochipStudio projekt\Si4731\ArduinoCore\Release\libArduinoCore.a(SI4735.o) (__mulsi3)
c:/program files (x86)/atmel/studio/7.0/toolchain/avr8/avr8-gnu-toolchain/bin/../lib/gcc/avr/5.4.0/avr5\libgcc.a(_udivmodhi4.o)
                              D:\Elektro\_Projekty\Radio Si4731-C40\MicrochipStudio projekt\Si4731\ArduinoCore\Release\libArduinoCore.a(SI4735.o) (__udivmodhi4)
c:/program files (x86)/atmel/studio/7.0/toolchain/avr8/avr8-gnu-toolchain/bin/../lib/gcc/avr/5.4.0/avr5\libgcc.a(_udivmodsi4.o)
                              D:\Elektro\_Projekty\Radio Si4731-C40\MicrochipStudio projekt\Si4731\ArduinoCore\Release\libArduinoCore.a(SI4735.o) (__udivmodsi4)
c:/program files (x86)/atmel/studio/7.0/toolchain/avr8/avr8-gnu-toolchain/bin/../lib/gcc/avr/5.4.0/avr5\libgcc.a(_exit.o)
                              C:/Program Files (x86)/Atmel/Studio/7.0/Packs/atmel/ATmega_DFP/2.0.401/gcc/dev/atmega328/avr5/crtatmega328.o (exit)
c:/program files (x86)/atmel/studio/7.0/toolchain/avr8/avr8-gnu-toolchain/bin/../lib/gcc/avr/5.4.0/avr5\libgcc.a(_copy_data.o)
                              Sketch.o (__do_copy_data)
c:/program files (x86)/atmel/studio/7.0/toolchain/avr8/avr8-gnu-toolchain/bin/../lib/gcc/avr/5.4.0/avr5\libgcc.a(_clear_bss.o)
                              Sketch.o (__do_clear_bss)
c:/program files (x86)/atmel/studio/7.0/toolchain/avr8/avr8-gnu-toolchain/bin/../lib/gcc/avr/5.4.0/avr5\libgcc.a(_ctors.o)
                              Sketch.o (__do_global_ctors)
c:/program files (x86)/atmel/studio/7.0/toolchain/avr8/avr8-gnu-toolchain/bin/../lib/gcc/avr/5.4.0/avr5\libgcc.a(_muluhisi3.o)
                              D:\Elektro\_Projekty\Radio Si4731-C40\MicrochipStudio projekt\Si4731\ArduinoCore\Release\libArduinoCore.a(SI4735.o) (__muluhisi3)
c:/program files (x86)/atmel/studio/7.0/toolchain/avr8/avr8-gnu-toolchain/bin/../lib/gcc/avr/5.4.0/avr5\libgcc.a(_tablejump2.o)
                              c:/program files (x86)/atmel/studio/7.0/toolchain/avr8/avr8-gnu-toolchain/bin/../lib/gcc/avr/5.4.0/avr5\libgcc.a(_ctors.o) (__tablejump2__)
c:/program files (x86)/atmel/studio/7.0/toolchain/avr8/avr8-gnu-toolchain/bin/../lib/gcc/avr/5.4.0/avr5\libgcc.a(_umulhisi3.o)
                              c:/program files (x86)/atmel/studio/7.0/toolchain/avr8/avr8-gnu-toolchain/bin/../lib/gcc/avr/5.4.0/avr5\libgcc.a(_muluhisi3.o) (__umulhisi3)
c:/program files (x86)/atmel/studio/7.0/toolchain/avr8/avr8-gnu-toolchain/bin/../lib/gcc/avr/5.4.0/../../../../avr/lib/avr5\libc.a(memcpy_P.o)
                              Sketch.o (memcpy_P)
c:/program files (x86)/atmel/studio/7.0/toolchain/avr8/avr8-gnu-toolchain/bin/../lib/gcc/avr/5.4.0/../../../../avr/lib/avr5\libc.a(strcpy.o)
                              D:\Elektro\_Projekty\Radio Si4731-C40\MicrochipStudio projekt\Si4731\ArduinoCore\Release\libArduinoCore.a(SI4735.o) (strcpy)

Discarded input sections

[...]
Memory Configuration

Name             Origin             Length             Attributes
text             0x00000000         0x00008000         xr
data             0x00800100         0x00000800         rw !x
eeprom           0x00810000         0x00000400         rw !x
fuse             0x00820000         0x00000003         rw !x
lock             0x00830000         0x00000400         rw !x
signature        0x00840000         0x00000400         rw !x
user_signatures  0x00850000         0x00000400         rw !x
*default*        0x00000000         0xffffffff

Linker script and memory map

Address of section .data set to 0x800100
LOAD C:/Program Files (x86)/Atmel/Studio/7.0/Packs/atmel/ATmega_DFP/2.0.401/gcc/dev/atmega328/avr5/crtatmega328.o
LOAD Sketch.o
LOAD vfd.o
START GROUP
LOAD c:/program files (x86)/atmel/studio/7.0/toolchain/avr8/avr8-gnu-toolchain/bin/../lib/gcc/avr/5.4.0/../../../../avr/lib/avr5\libm.a
LOAD D:\Elektro\_Projekty\Radio Si4731-C40\MicrochipStudio projekt\Si4731\ArduinoCore\Release\libArduinoCore.a
END GROUP
LOAD c:/program files (x86)/atmel/studio/7.0/toolchain/avr8/avr8-gnu-toolchain/bin/../lib/gcc/avr/5.4.0/avr5\libgcc.a
LOAD c:/program files (x86)/atmel/studio/7.0/toolchain/avr8/avr8-gnu-toolchain/bin/../lib/gcc/avr/5.4.0/../../../../avr/lib/avr5\libm.a
START GROUP
LOAD c:/program files (x86)/atmel/studio/7.0/toolchain/avr8/avr8-gnu-toolchain/bin/../lib/gcc/avr/5.4.0/avr5\libgcc.a
LOAD c:/program files (x86)/atmel/studio/7.0/toolchain/avr8/avr8-gnu-toolchain/bin/../lib/gcc/avr/5.4.0/../../../../avr/lib/avr5\libm.a
LOAD c:/program files (x86)/atmel/studio/7.0/toolchain/avr8/avr8-gnu-toolchain/bin/../lib/gcc/avr/5.4.0/../../../../avr/lib/avr5\libc.a
LOAD C:/Program Files (x86)/Atmel/Studio/7.0/Packs/atmel/ATmega_DFP/2.0.401/gcc/dev/atmega328/avr5\libatmega328.a
END GROUP
                0x00000000                __TEXT_REGION_ORIGIN__ = DEFINED (__TEXT_REGION_ORIGIN__)?__TEXT_REGION_ORIGIN__:0x0
                [0x00800100]                __DATA_REGION_ORIGIN__ = DEFINED (__DATA_REGION_ORIGIN__)?__DATA_REGION_ORIGIN__:0x800060
                [0x00008000]                __TEXT_REGION_LENGTH__ = DEFINED (__TEXT_REGION_LENGTH__)?__TEXT_REGION_LENGTH__:0x20000
                [0x00000800]                __DATA_REGION_LENGTH__ = DEFINED (__DATA_REGION_LENGTH__)?__DATA_REGION_LENGTH__:0xffa0
                [0x00000400]                __EEPROM_REGION_LENGTH__ = DEFINED (__EEPROM_REGION_LENGTH__)?__EEPROM_REGION_LENGTH__:0x10000
                [0x00000003]                __FUSE_REGION_LENGTH__ = DEFINED (__FUSE_REGION_LENGTH__)?__FUSE_REGION_LENGTH__:0x400
                0x00000400                __LOCK_REGION_LENGTH__ = DEFINED (__LOCK_REGION_LENGTH__)?__LOCK_REGION_LENGTH__:0x400
                0x00000400                __SIGNATURE_REGION_LENGTH__ = DEFINED (__SIGNATURE_REGION_LENGTH__)?__SIGNATURE_REGION_LENGTH__:0x400
                0x00000400                __USER_SIGNATURE_REGION_LENGTH__ = DEFINED (__USER_SIGNATURE_REGION_LENGTH__)?__USER_SIGNATURE_REGION_LENGTH__:0x400

.hash
 *(.hash)

.dynsym
 *(.dynsym)

.dynstr
 *(.dynstr)

.gnu.version
 *(.gnu.version)

.gnu.version_d
 *(.gnu.version_d)

.gnu.version_r
 *(.gnu.version_r)

.rel.init
 *(.rel.init)

.rela.init
 *(.rela.init)

.rel.text
 *(.rel.text)
 *(.rel.text.*)
 *(.rel.gnu.linkonce.t*)

.rela.text
 *(.rela.text)
 *(.rela.text.*)
 *(.rela.gnu.linkonce.t*)

.rel.fini
 *(.rel.fini)

.rela.fini
 *(.rela.fini)

.rel.rodata
 *(.rel.rodata)
 *(.rel.rodata.*)
 *(.rel.gnu.linkonce.r*)

.rela.rodata
 *(.rela.rodata)
 *(.rela.rodata.*)
 *(.rela.gnu.linkonce.r*)

.rel.data
 *(.rel.data)
 *(.rel.data.*)
 *(.rel.gnu.linkonce.d*)

.rela.data
 *(.rela.data)
 *(.rela.data.*)
 *(.rela.gnu.linkonce.d*)

.rel.ctors
 *(.rel.ctors)

.rela.ctors
 *(.rela.ctors)

.rel.dtors
 *(.rel.dtors)

.rela.dtors
 *(.rela.dtors)

.rel.got
 *(.rel.got)

.rela.got
 *(.rela.got)

.rel.bss
 *(.rel.bss)

.rela.bss
 *(.rela.bss)

.rel.plt
 *(.rel.plt)

.rela.plt
 *(.rela.plt)

.text           0x00000000     0x1b20
 *(.vectors)
 .vectors       0x00000000       0x68 C:/Program Files (x86)/Atmel/Studio/7.0/Packs/atmel/ATmega_DFP/2.0.401/gcc/dev/atmega328/avr5/crtatmega328.o
                0x00000000                __vector_default
                0x00000000                __vectors
 *(.vectors)
 *(.progmem.gcc*)
                0x00000068                . = ALIGN (0x2)
                0x00000068                __trampolines_start = .
 *(.trampolines)
 .trampolines   0x00000068        0x0 linker stubs
 *(.trampolines*)
                0x00000068                __trampolines_end = .
 *libprintf_flt.a:*(.progmem.data)
 *libc.a:*(.progmem.data)
 *(.progmem*)
 .progmem.data.GraAcuteLowerA
                0x00000068        0x7 vfd.o
                0x00000068                GraAcuteLowerA
 .progmem.data.GraLowerV
                0x0000006f        0x7 vfd.o
                0x0000006f                GraLowerV
 .progmem.data.GraLowerR
                0x00000076        0x7 vfd.o
                0x00000076                GraLowerR
 .progmem.data.GraLowerO
                0x0000007d        0x7 vfd.o
                0x0000007d                GraLowerO
 .progmem.data.GraLowerK
                0x00000084        0x7 vfd.o
                0x00000084                GraLowerK
 .progmem.data.GraLowerI
                0x0000008b        0x7 vfd.o
                0x0000008b                GraLowerI
 .progmem.data.GraLowerE
                0x00000092        0x7 vfd.o
                0x00000092                GraLowerE
 .progmem.data.GraLowerD
                0x00000099        0x7 vfd.o
                0x00000099                GraLowerD
 .progmem.data.GraUpperM
                0x000000a0        0x7 vfd.o
                0x000000a0                GraUpperM
 .progmem.data.GraDot
                0x000000a7        0x7 vfd.o
                0x000000a7                GraDot
 .progmem.data.GraSpace
                0x000000ae        0x7 vfd.o
                0x000000ae                GraSpace
 .progmem.data.Num4a
                0x000000b5        0x7 vfd.o
                0x000000b5                Num4a
 .progmem.data.Num2a
                0x000000bc        0x7 vfd.o
                0x000000bc                Num2a
 .progmem.data.Num0a
                0x000000c3        0x7 vfd.o
                0x000000c3                Num0a
 .progmem.data.digital_pin_to_timer_PGM
                0x000000ca       0x14 D:\Elektro\_Projekty\Radio Si4731-C40\MicrochipStudio projekt\Si4731\ArduinoCore\Release\libArduinoCore.a(wiring_digital.o)
                0x000000ca                digital_pin_to_timer_PGM
 .progmem.data.digital_pin_to_bit_mask_PGM
                0x000000de       0x14 D:\Elektro\_Projekty\Radio Si4731-C40\MicrochipStudio projekt\Si4731\ArduinoCore\Release\libArduinoCore.a(wiring_digital.o)
                0x000000de                digital_pin_to_bit_mask_PGM
 .progmem.data.digital_pin_to_port_PGM
                0x000000f2       0x14 D:\Elektro\_Projekty\Radio Si4731-C40\MicrochipStudio projekt\Si4731\ArduinoCore\Release\libArduinoCore.a(wiring_digital.o)
                0x000000f2                digital_pin_to_port_PGM
 .progmem.data.port_to_input_PGM
                0x00000106        0xa D:\Elektro\_Projekty\Radio Si4731-C40\MicrochipStudio projekt\Si4731\ArduinoCore\Release\libArduinoCore.a(wiring_digital.o)
                0x00000106                port_to_input_PGM
 .progmem.data.port_to_output_PGM
                0x00000110        0xa D:\Elektro\_Projekty\Radio Si4731-C40\MicrochipStudio projekt\Si4731\ArduinoCore\Release\libArduinoCore.a(wiring_digital.o)
                0x00000110                port_to_output_PGM
 .progmem.data.port_to_mode_PGM
                0x0000011a        0xa D:\Elektro\_Projekty\Radio Si4731-C40\MicrochipStudio projekt\Si4731\ArduinoCore\Release\libArduinoCore.a(wiring_digital.o)
                0x0000011a                port_to_mode_PGM
                0x00000124                . = ALIGN (0x2)
 *(.jumptables)
 *(.jumptables*)
 *(.lowtext)
 *(.lowtext*)
                0x00000124                __ctors_start = .
 *(.ctors)
 .ctors         0x00000124        0x2 Sketch.o
 .ctors         0x00000126        0x2 D:\Elektro\_Projekty\Radio Si4731-C40\MicrochipStudio projekt\Si4731\ArduinoCore\Release\libArduinoCore.a(Wire.o)
                0x00000128                __ctors_end = .
                0x00000128                __dtors_start = .
 *(.dtors)
                0x00000128                __dtors_end = .
 SORT(*)(.ctors)
 SORT(*)(.dtors)
 *(.init0)
 .init0         0x00000128        0x0 C:/Program Files (x86)/Atmel/Studio/7.0/Packs/atmel/ATmega_DFP/2.0.401/gcc/dev/atmega328/avr5/crtatmega328.o
                0x00000128                __init
 *(.init0)
 *(.init1)
 *(.init1)
 *(.init2)
 .init2         0x00000128        0xc C:/Program Files (x86)/Atmel/Studio/7.0/Packs/atmel/ATmega_DFP/2.0.401/gcc/dev/atmega328/avr5/crtatmega328.o
 *(.init2)
 *(.init3)
 *(.init3)
 *(.init4)
 .init4         0x00000134       0x16 c:/program files (x86)/atmel/studio/7.0/toolchain/avr8/avr8-gnu-toolchain/bin/../lib/gcc/avr/5.4.0/avr5\libgcc.a(_copy_data.o)
                0x00000134                __do_copy_data
 .init4         0x0000014a       0x10 c:/program files (x86)/atmel/studio/7.0/toolchain/avr8/avr8-gnu-toolchain/bin/../lib/gcc/avr/5.4.0/avr5\libgcc.a(_clear_bss.o)
                0x0000014a                __do_clear_bss
 *(.init4)
 *(.init5)
 *(.init5)
 *(.init6)
 .init6         0x0000015a       0x16 c:/program files (x86)/atmel/studio/7.0/toolchain/avr8/avr8-gnu-toolchain/bin/../lib/gcc/avr/5.4.0/avr5\libgcc.a(_ctors.o)
                0x0000015a                __do_global_ctors
 *(.init6)
 *(.init7)
 *(.init7)
 *(.init8)
 *(.init8)
 *(.init9)
 .init9         0x00000170        0x8 C:/Program Files (x86)/Atmel/Studio/7.0/Packs/atmel/ATmega_DFP/2.0.401/gcc/dev/atmega328/avr5/crtatmega328.o
 *(.init9)
 *(.text)
 .text          0x00000178        0x4 C:/Program Files (x86)/Atmel/Studio/7.0/Packs/atmel/ATmega_DFP/2.0.401/gcc/dev/atmega328/avr5/crtatmega328.o
                0x00000178                __vector_22
                0x00000178                __vector_1
                0x00000178                __vector_12
                0x00000178                __bad_interrupt
                0x00000178                __vector_6
                0x00000178                __vector_3
                0x00000178                __vector_23
                0x00000178                __vector_25
                0x00000178                __vector_11
                0x00000178                __vector_13
                0x00000178                __vector_17
                0x00000178                __vector_19
                0x00000178                __vector_7
                0x00000178                __vector_5
                0x00000178                __vector_4
                0x00000178                __vector_9
                0x00000178                __vector_2
                0x00000178                __vector_21
                0x00000178                __vector_15
                0x00000178                __vector_8
                0x00000178                __vector_14
                0x00000178                __vector_10
                0x00000178                __vector_18
                0x00000178                __vector_20
                0x0000017c                . = ALIGN (0x2)
 *(.text.*)
 .text.setup    0x0000017c      0x23a Sketch.o
                0x0000017c                setup
 .text._Z9shiftOut2h
                0x000003b6       0x18 Sketch.o
                0x000003b6                _Z9shiftOut2h
 .text.loop     0x000003ce      0x122 Sketch.o
                0x000003ce                loop
 .text.startup._GLOBAL__sub_I_setup
                0x000004f0        0x8 Sketch.o
 .text.initVariant
                0x000004f8        0x2 D:\Elektro\_Projekty\Radio Si4731-C40\MicrochipStudio projekt\Si4731\ArduinoCore\Release\libArduinoCore.a(main.o)
                0x000004f8                initVariant
 .text.startup.main
                0x000004fa       0x1e D:\Elektro\_Projekty\Radio Si4731-C40\MicrochipStudio projekt\Si4731\ArduinoCore\Release\libArduinoCore.a(main.o)
                0x000004fa                main
 .text.__vector_16
                0x00000518       0x94 D:\Elektro\_Projekty\Radio Si4731-C40\MicrochipStudio projekt\Si4731\ArduinoCore\Release\libArduinoCore.a(wiring.o)
                0x00000518                __vector_16
 .text.micros   0x000005ac       0x4a D:\Elektro\_Projekty\Radio Si4731-C40\MicrochipStudio projekt\Si4731\ArduinoCore\Release\libArduinoCore.a(wiring.o)
                0x000005ac                micros
 .text.delay    0x000005f6       0x78 D:\Elektro\_Projekty\Radio Si4731-C40\MicrochipStudio projekt\Si4731\ArduinoCore\Release\libArduinoCore.a(wiring.o)
                0x000005f6                delay
 .text.delayMicroseconds
                0x0000066e       0x16 D:\Elektro\_Projekty\Radio Si4731-C40\MicrochipStudio projekt\Si4731\ArduinoCore\Release\libArduinoCore.a(wiring.o)
                0x0000066e                delayMicroseconds
 .text.init     0x00000684       0x76 D:\Elektro\_Projekty\Radio Si4731-C40\MicrochipStudio projekt\Si4731\ArduinoCore\Release\libArduinoCore.a(wiring.o)
                0x00000684                init
 .text.turnOffPWM
                0x000006fa       0x52 D:\Elektro\_Projekty\Radio Si4731-C40\MicrochipStudio projekt\Si4731\ArduinoCore\Release\libArduinoCore.a(wiring_digital.o)
 .text.pinMode  0x0000074c       0x78 D:\Elektro\_Projekty\Radio Si4731-C40\MicrochipStudio projekt\Si4731\ArduinoCore\Release\libArduinoCore.a(wiring_digital.o)
                0x0000074c                pinMode
 .text.digitalWrite
                0x000007c4       0x5e D:\Elektro\_Projekty\Radio Si4731-C40\MicrochipStudio projekt\Si4731\ArduinoCore\Release\libArduinoCore.a(wiring_digital.o)
                0x000007c4                digitalWrite
 .text.digitalRead
                0x00000822       0x52 D:\Elektro\_Projekty\Radio Si4731-C40\MicrochipStudio projekt\Si4731\ArduinoCore\Release\libArduinoCore.a(wiring_digital.o)
                0x00000822                digitalRead
 .text.shiftOut
                0x00000874       0x54 D:\Elektro\_Projekty\Radio Si4731-C40\MicrochipStudio projekt\Si4731\ArduinoCore\Release\libArduinoCore.a(wiring_shift.o)
                0x00000874                shiftOut
 .text._ZN7TwoWire5writeEi
                0x000008c8        0xe D:\Elektro\_Projekty\Radio Si4731-C40\MicrochipStudio projekt\Si4731\ArduinoCore\Release\libArduinoCore.a(SI4735.o)
                0x000008c8                _ZN7TwoWire5writeEi
 .text._ZN6SI4735C2Ev
                0x000008d6       0x84 D:\Elektro\_Projekty\Radio Si4731-C40\MicrochipStudio projekt\Si4731\ArduinoCore\Release\libArduinoCore.a(SI4735.o)
                0x000008d6                _ZN6SI4735C2Ev
                0x000008d6                _ZN6SI4735C1Ev
 .text._ZN6SI47355resetEv
                0x0000095a       0x4a D:\Elektro\_Projekty\Radio Si4731-C40\MicrochipStudio projekt\Si4731\ArduinoCore\Release\libArduinoCore.a(SI4735.o)
                0x0000095a                _ZN6SI47355resetEv
 .text._ZN6SI473510setPowerUpEhhhhhh
                0x000009a4       0x7a D:\Elektro\_Projekty\Radio Si4731-C40\MicrochipStudio projekt\Si4731\ArduinoCore\Release\libArduinoCore.a(SI4735.o)
                0x000009a4                _ZN6SI473510setPowerUpEhhhhhh
 .text._ZN6SI473514disableFmDebugEv
                0x00000a1e       0x6a D:\Elektro\_Projekty\Radio Si4731-C40\MicrochipStudio projekt\Si4731\ArduinoCore\Release\libArduinoCore.a(SI4735.o)
                0x00000a1e                _ZN6SI473514disableFmDebugEv
 .text._ZN6SI473510waitToSendEv
                0x00000a88       0x34 D:\Elektro\_Projekty\Radio Si4731-C40\MicrochipStudio projekt\Si4731\ArduinoCore\Release\libArduinoCore.a(SI4735.o)
                0x00000a88                _ZN6SI473510waitToSendEv
 .text._ZN6SI47359powerDownEv
                0x00000abc       0x56 D:\Elektro\_Projekty\Radio Si4731-C40\MicrochipStudio projekt\Si4731\ArduinoCore\Release\libArduinoCore.a(SI4735.o)
                0x00000abc                _ZN6SI47359powerDownEv
 .text._ZN6SI473511getFirmwareEv
                0x00000b12       0x9e D:\Elektro\_Projekty\Radio Si4731-C40\MicrochipStudio projekt\Si4731\ArduinoCore\Release\libArduinoCore.a(SI4735.o)
                0x00000b12                _ZN6SI473511getFirmwareEv
 .text._ZN6SI473512setFrequencyEj
                0x00000bb0      0x11e D:\Elektro\_Projekty\Radio Si4731-C40\MicrochipStudio projekt\Si4731\ArduinoCore\Release\libArduinoCore.a(SI4735.o)
                0x00000bb0                _ZN6SI473512setFrequencyEj
 .text._ZN6SI473512sendPropertyEjj
                0x00000cce       0x86 D:\Elektro\_Projekty\Radio Si4731-C40\MicrochipStudio projekt\Si4731\ArduinoCore\Release\libArduinoCore.a(SI4735.o)
                0x00000cce                _ZN6SI473512sendPropertyEjj
 .text._ZN6SI473511setRefClockEj
                0x00000d54       0x28 D:\Elektro\_Projekty\Radio Si4731-C40\MicrochipStudio projekt\Si4731\ArduinoCore\Release\libArduinoCore.a(SI4735.o)
                0x00000d54                _ZN6SI473511setRefClockEj
 .text._ZN6SI473520setRefClockPrescalerEjh
                0x00000d7c       0x36 D:\Elektro\_Projekty\Radio Si4731-C40\MicrochipStudio projekt\Si4731\ArduinoCore\Release\libArduinoCore.a(SI4735.o)
                0x00000d7c                _ZN6SI473520setRefClockPrescalerEjh
 .text._ZN6SI47359setVolumeEh
                0x00000db2       0x24 D:\Elektro\_Projekty\Radio Si4731-C40\MicrochipStudio projekt\Si4731\ArduinoCore\Release\libArduinoCore.a(SI4735.o)
                0x00000db2                _ZN6SI47359setVolumeEh
 .text._ZN6SI473512radioPowerUpEv
                0x00000dd6       0xbc D:\Elektro\_Projekty\Radio Si4731-C40\MicrochipStudio projekt\Si4731\ArduinoCore\Release\libArduinoCore.a(SI4735.o)
                0x00000dd6                _ZN6SI473512radioPowerUpEv
 .text._ZN6SI47355setupEhhhhhh
                0x00000e92       0xa2 D:\Elektro\_Projekty\Radio Si4731-C40\MicrochipStudio projekt\Si4731\ArduinoCore\Release\libArduinoCore.a(SI4735.o)
                0x00000e92                _ZN6SI47355setupEhhhhhh
 .text._ZN6SI47355setupEhh
                0x00000f34       0x28 D:\Elektro\_Projekty\Radio Si4731-C40\MicrochipStudio projekt\Si4731\ArduinoCore\Release\libArduinoCore.a(SI4735.o)
                0x00000f34                _ZN6SI47355setupEhh
 .text._ZN6SI47355setFMEv
                0x00000f5c       0x86 D:\Elektro\_Projekty\Radio Si4731-C40\MicrochipStudio projekt\Si4731\ArduinoCore\Release\libArduinoCore.a(SI4735.o)
                0x00000f5c                _ZN6SI47355setFMEv
 .text._ZN6SI47355setFMEjjjj
                0x00000fe2       0x58 D:\Elektro\_Projekty\Radio Si4731-C40\MicrochipStudio projekt\Si4731\ArduinoCore\Release\libArduinoCore.a(SI4735.o)
                0x00000fe2                _ZN6SI47355setFMEjjjj
 .text._ZN5Print17availableForWriteEv
                0x0000103a        0x6 D:\Elektro\_Projekty\Radio Si4731-C40\MicrochipStudio projekt\Si4731\ArduinoCore\Release\libArduinoCore.a(Wire.o)
                0x0000103a                _ZN5Print17availableForWriteEv
 .text._ZN7TwoWire9availableEv
                0x00001040       0x10 D:\Elektro\_Projekty\Radio Si4731-C40\MicrochipStudio projekt\Si4731\ArduinoCore\Release\libArduinoCore.a(Wire.o)
                0x00001040                _ZN7TwoWire9availableEv
 .text._ZN7TwoWire4readEv
                0x00001050       0x28 D:\Elektro\_Projekty\Radio Si4731-C40\MicrochipStudio projekt\Si4731\ArduinoCore\Release\libArduinoCore.a(Wire.o)
                0x00001050                _ZN7TwoWire4readEv
 .text._ZN7TwoWire4peekEv
                0x00001078       0x1e D:\Elektro\_Projekty\Radio Si4731-C40\MicrochipStudio projekt\Si4731\ArduinoCore\Release\libArduinoCore.a(Wire.o)
                0x00001078                _ZN7TwoWire4peekEv
 .text._ZN7TwoWire5flushEv
                0x00001096        0x2 D:\Elektro\_Projekty\Radio Si4731-C40\MicrochipStudio projekt\Si4731\ArduinoCore\Release\libArduinoCore.a(Wire.o)
                0x00001096                _ZN7TwoWire5flushEv
 .text._ZN7TwoWire16onReceiveServiceEPhi
                0x00001098       0x54 D:\Elektro\_Projekty\Radio Si4731-C40\MicrochipStudio projekt\Si4731\ArduinoCore\Release\libArduinoCore.a(Wire.o)
                0x00001098                _ZN7TwoWire16onReceiveServiceEPhi
 .text._ZN7TwoWire16onRequestServiceEv
                0x000010ec       0x18 D:\Elektro\_Projekty\Radio Si4731-C40\MicrochipStudio projekt\Si4731\ArduinoCore\Release\libArduinoCore.a(Wire.o)
                0x000010ec                _ZN7TwoWire16onRequestServiceEv
 .text._ZN7TwoWire5writeEPKhj
                0x00001104       0x5a D:\Elektro\_Projekty\Radio Si4731-C40\MicrochipStudio projekt\Si4731\ArduinoCore\Release\libArduinoCore.a(Wire.o)
                0x00001104                _ZN7TwoWire5writeEPKhj
 .text._ZN7TwoWire5writeEh
                0x0000115e       0x5e D:\Elektro\_Projekty\Radio Si4731-C40\MicrochipStudio projekt\Si4731\ArduinoCore\Release\libArduinoCore.a(Wire.o)
                0x0000115e                _ZN7TwoWire5writeEh
 .text._ZN7TwoWireC2Ev
                0x000011bc       0x20 D:\Elektro\_Projekty\Radio Si4731-C40\MicrochipStudio projekt\Si4731\ArduinoCore\Release\libArduinoCore.a(Wire.o)
                0x000011bc                _ZN7TwoWireC1Ev
                0x000011bc                _ZN7TwoWireC2Ev
 .text._ZN7TwoWire5beginEv
                0x000011dc       0x24 D:\Elektro\_Projekty\Radio Si4731-C40\MicrochipStudio projekt\Si4731\ArduinoCore\Release\libArduinoCore.a(Wire.o)
                0x000011dc                _ZN7TwoWire5beginEv
 .text._ZN7TwoWire8setClockEm
                0x00001200        0x8 D:\Elektro\_Projekty\Radio Si4731-C40\MicrochipStudio projekt\Si4731\ArduinoCore\Release\libArduinoCore.a(Wire.o)
                0x00001200                _ZN7TwoWire8setClockEm
 .text._ZN7TwoWire17beginTransmissionEh
                0x00001208       0x14 D:\Elektro\_Projekty\Radio Si4731-C40\MicrochipStudio projekt\Si4731\ArduinoCore\Release\libArduinoCore.a(Wire.o)
                0x00001208                _ZN7TwoWire17beginTransmissionEh
 .text._ZN7TwoWire17beginTransmissionEi
                0x0000121c        0x4 D:\Elektro\_Projekty\Radio Si4731-C40\MicrochipStudio projekt\Si4731\ArduinoCore\Release\libArduinoCore.a(Wire.o)
                0x0000121c                _ZN7TwoWire17beginTransmissionEi
 .text._ZN7TwoWire15endTransmissionEh
                0x00001220       0x26 D:\Elektro\_Projekty\Radio Si4731-C40\MicrochipStudio projekt\Si4731\ArduinoCore\Release\libArduinoCore.a(Wire.o)
                0x00001220                _ZN7TwoWire15endTransmissionEh
 .text._ZN7TwoWire11requestFromEhhmhh
                0x00001246       0xa8 D:\Elektro\_Projekty\Radio Si4731-C40\MicrochipStudio projekt\Si4731\ArduinoCore\Release\libArduinoCore.a(Wire.o)
                0x00001246                _ZN7TwoWire11requestFromEhhmhh
 .text._ZN7TwoWire11requestFromEhhh
                0x000012ee       0x20 D:\Elektro\_Projekty\Radio Si4731-C40\MicrochipStudio projekt\Si4731\ArduinoCore\Release\libArduinoCore.a(Wire.o)
                0x000012ee                _ZN7TwoWire11requestFromEhhh
 .text._ZN7TwoWire11requestFromEii
                0x0000130e        0x6 D:\Elektro\_Projekty\Radio Si4731-C40\MicrochipStudio projekt\Si4731\ArduinoCore\Release\libArduinoCore.a(Wire.o)
                0x0000130e                _ZN7TwoWire11requestFromEii
 .text._ZN7TwoWire15endTransmissionEv
                0x00001314        0x6 D:\Elektro\_Projekty\Radio Si4731-C40\MicrochipStudio projekt\Si4731\ArduinoCore\Release\libArduinoCore.a(Wire.o)
                0x00001314                _ZN7TwoWire15endTransmissionEv
 .text.startup._GLOBAL__sub_I__ZN7TwoWire8rxBufferE
                0x0000131a        0x8 D:\Elektro\_Projekty\Radio Si4731-C40\MicrochipStudio projekt\Si4731\ArduinoCore\Release\libArduinoCore.a(Wire.o)
 .text.__empty  0x00001322        0x2 D:\Elektro\_Projekty\Radio Si4731-C40\MicrochipStudio projekt\Si4731\ArduinoCore\Release\libArduinoCore.a(hooks.o)
                0x00001322                yield
 .text.twi_init
                0x00001324       0x3c D:\Elektro\_Projekty\Radio Si4731-C40\MicrochipStudio projekt\Si4731\ArduinoCore\Release\libArduinoCore.a(twi.o)
                0x00001324                twi_init
 .text.twi_disable
                0x00001360       0x1a D:\Elektro\_Projekty\Radio Si4731-C40\MicrochipStudio projekt\Si4731\ArduinoCore\Release\libArduinoCore.a(twi.o)
                0x00001360                twi_disable
 .text.twi_setFrequency
                0x0000137a       0x28 D:\Elektro\_Projekty\Radio Si4731-C40\MicrochipStudio projekt\Si4731\ArduinoCore\Release\libArduinoCore.a(twi.o)
                0x0000137a                twi_setFrequency
 .text.twi_transmit
                0x000013a2       0x50 D:\Elektro\_Projekty\Radio Si4731-C40\MicrochipStudio projekt\Si4731\ArduinoCore\Release\libArduinoCore.a(twi.o)
                0x000013a2                twi_transmit
 .text.twi_attachSlaveRxEvent
                0x000013f2        0xa D:\Elektro\_Projekty\Radio Si4731-C40\MicrochipStudio projekt\Si4731\ArduinoCore\Release\libArduinoCore.a(twi.o)
                0x000013f2                twi_attachSlaveRxEvent
 .text.twi_attachSlaveTxEvent
                0x000013fc        0xa D:\Elektro\_Projekty\Radio Si4731-C40\MicrochipStudio projekt\Si4731\ArduinoCore\Release\libArduinoCore.a(twi.o)
                0x000013fc                twi_attachSlaveTxEvent
 .text.twi_releaseBus
                0x00001406        0xc D:\Elektro\_Projekty\Radio Si4731-C40\MicrochipStudio projekt\Si4731\ArduinoCore\Release\libArduinoCore.a(twi.o)
                0x00001406                twi_releaseBus
 .text.twi_handleTimeout
                0x00001412       0x2c D:\Elektro\_Projekty\Radio Si4731-C40\MicrochipStudio projekt\Si4731\ArduinoCore\Release\libArduinoCore.a(twi.o)
                0x00001412                twi_handleTimeout
 .text.twi_readFrom
                0x0000143e      0x1d2 D:\Elektro\_Projekty\Radio Si4731-C40\MicrochipStudio projekt\Si4731\ArduinoCore\Release\libArduinoCore.a(twi.o)
                0x0000143e                twi_readFrom
 .text.twi_writeTo
                0x00001610      0x1e0 D:\Elektro\_Projekty\Radio Si4731-C40\MicrochipStudio projekt\Si4731\ArduinoCore\Release\libArduinoCore.a(twi.o)
                0x00001610                twi_writeTo
 .text.twi_stop
                0x000017f0       0x70 D:\Elektro\_Projekty\Radio Si4731-C40\MicrochipStudio projekt\Si4731\ArduinoCore\Release\libArduinoCore.a(twi.o)
                0x000017f0                twi_stop
 .text.__vector_24
                0x00001860      0x25a D:\Elektro\_Projekty\Radio Si4731-C40\MicrochipStudio projekt\Si4731\ArduinoCore\Release\libArduinoCore.a(twi.o)
                0x00001860                __vector_24
 .text.libgcc.div
                0x00001aba       0x44 c:/program files (x86)/atmel/studio/7.0/toolchain/avr8/avr8-gnu-toolchain/bin/../lib/gcc/avr/5.4.0/avr5\libgcc.a(_udivmodsi4.o)
                0x00001aba                __udivmodsi4
 .text.libgcc   0x00001afe        0xc c:/program files (x86)/atmel/studio/7.0/toolchain/avr8/avr8-gnu-toolchain/bin/../lib/gcc/avr/5.4.0/avr5\libgcc.a(_tablejump2.o)
                0x00001afe                __tablejump2__
 .text.avr-libc
                0x00001b0a       0x12 c:/program files (x86)/atmel/studio/7.0/toolchain/avr8/avr8-gnu-toolchain/bin/../lib/gcc/avr/5.4.0/../../../../avr/lib/avr5\libc.a(memcpy_P.o)
                0x00001b0a                memcpy_P
                0x00001b1c                . = ALIGN (0x2)
 *(.fini9)
 .fini9         0x00001b1c        0x0 c:/program files (x86)/atmel/studio/7.0/toolchain/avr8/avr8-gnu-toolchain/bin/../lib/gcc/avr/5.4.0/avr5\libgcc.a(_exit.o)
                0x00001b1c                _exit
                0x00001b1c                exit
 *(.fini9)
 *(.fini8)
 *(.fini8)
 *(.fini7)
 *(.fini7)
 *(.fini6)
 *(.fini6)
 *(.fini5)
 *(.fini5)
 *(.fini4)
 *(.fini4)
 *(.fini3)
 *(.fini3)
 *(.fini2)
 *(.fini2)
 *(.fini1)
 *(.fini1)
 *(.fini0)
 .fini0         0x00001b1c        0x4 c:/program files (x86)/atmel/studio/7.0/toolchain/avr8/avr8-gnu-toolchain/bin/../lib/gcc/avr/5.4.0/avr5\libgcc.a(_exit.o)
 *(.fini0)
                0x00001b20                _etext = .

.data           0x00800100       0x4c load address 0x00001b20
                0x00800100                PROVIDE (__data_start, .)
 *(.data)
 *(.data*)
 .data.neww     0x00800100        0x2 Sketch.o
                0x00800100                neww
 .data._ZL11activeAnode
                0x00800102        0x1 Sketch.o
 *(.gnu.linkonce.d*)
 *(.rodata)
 *(.rodata*)
 .rodata.CSWTCH.19
                0x00800103       0x12 Sketch.o
 .rodata.CSWTCH.18
                0x00800115       0x12 Sketch.o
 .rodata.CSWTCH.17
                0x00800127       0x12 Sketch.o
 .rodata._ZTV7TwoWire
                0x00800139       0x12 D:\Elektro\_Projekty\Radio Si4731-C40\MicrochipStudio projekt\Si4731\ArduinoCore\Release\libArduinoCore.a(Wire.o)
                0x00800139                _ZTV7TwoWire
 *(.gnu.linkonce.r*)
                0x0080014c                . = ALIGN (0x2)
 *fill*         0x0080014b        0x1 
                0x0080014c                _edata = .
                0x0080014c                PROVIDE (__data_end, .)

.bss            0x0080014c      0x22f
                0x0080014c                PROVIDE (__bss_start, .)
 *(.bss)
 *(.bss*)
 .bss.last      0x0080014c        0x2 Sketch.o
                0x0080014c                last
 .bss._ZL13displayMemory
                0x0080014e       0x77 Sketch.o
 .bss._ZL6si4735
                0x008001c5       0xe3 Sketch.o
 .bss.timer0_fract
                0x008002a8        0x1 D:\Elektro\_Projekty\Radio Si4731-C40\MicrochipStudio projekt\Si4731\ArduinoCore\Release\libArduinoCore.a(wiring.o)
 .bss.timer0_millis
                0x008002a9        0x4 D:\Elektro\_Projekty\Radio Si4731-C40\MicrochipStudio projekt\Si4731\ArduinoCore\Release\libArduinoCore.a(wiring.o)
                0x008002a9                timer0_millis
 .bss.timer0_overflow_count
                0x008002ad        0x4 D:\Elektro\_Projekty\Radio Si4731-C40\MicrochipStudio projekt\Si4731\ArduinoCore\Release\libArduinoCore.a(wiring.o)
                0x008002ad                timer0_overflow_count
 .bss.Wire      0x008002b1        0xc D:\Elektro\_Projekty\Radio Si4731-C40\MicrochipStudio projekt\Si4731\ArduinoCore\Release\libArduinoCore.a(Wire.o)
                0x008002b1                Wire
 .bss._ZN7TwoWire14user_onReceiveE
                0x008002bd        0x2 D:\Elektro\_Projekty\Radio Si4731-C40\MicrochipStudio projekt\Si4731\ArduinoCore\Release\libArduinoCore.a(Wire.o)
                0x008002bd                _ZN7TwoWire14user_onReceiveE
 .bss._ZN7TwoWire14user_onRequestE
                0x008002bf        0x2 D:\Elektro\_Projekty\Radio Si4731-C40\MicrochipStudio projekt\Si4731\ArduinoCore\Release\libArduinoCore.a(Wire.o)
                0x008002bf                _ZN7TwoWire14user_onRequestE
 .bss._ZN7TwoWire12transmittingE
                0x008002c1        0x1 D:\Elektro\_Projekty\Radio Si4731-C40\MicrochipStudio projekt\Si4731\ArduinoCore\Release\libArduinoCore.a(Wire.o)
                0x008002c1                _ZN7TwoWire12transmittingE
 .bss._ZN7TwoWire14txBufferLengthE
                0x008002c2        0x1 D:\Elektro\_Projekty\Radio Si4731-C40\MicrochipStudio projekt\Si4731\ArduinoCore\Release\libArduinoCore.a(Wire.o)
                0x008002c2                _ZN7TwoWire14txBufferLengthE
 .bss._ZN7TwoWire13txBufferIndexE
                0x008002c3        0x1 D:\Elektro\_Projekty\Radio Si4731-C40\MicrochipStudio projekt\Si4731\ArduinoCore\Release\libArduinoCore.a(Wire.o)
                0x008002c3                _ZN7TwoWire13txBufferIndexE
 .bss._ZN7TwoWire8txBufferE
                0x008002c4       0x20 D:\Elektro\_Projekty\Radio Si4731-C40\MicrochipStudio projekt\Si4731\ArduinoCore\Release\libArduinoCore.a(Wire.o)
                0x008002c4                _ZN7TwoWire8txBufferE
 .bss._ZN7TwoWire9txAddressE
                0x008002e4        0x1 D:\Elektro\_Projekty\Radio Si4731-C40\MicrochipStudio projekt\Si4731\ArduinoCore\Release\libArduinoCore.a(Wire.o)
                0x008002e4                _ZN7TwoWire9txAddressE
 .bss._ZN7TwoWire14rxBufferLengthE
                0x008002e5        0x1 D:\Elektro\_Projekty\Radio Si4731-C40\MicrochipStudio projekt\Si4731\ArduinoCore\Release\libArduinoCore.a(Wire.o)
                0x008002e5                _ZN7TwoWire14rxBufferLengthE
 .bss._ZN7TwoWire13rxBufferIndexE
                0x008002e6        0x1 D:\Elektro\_Projekty\Radio Si4731-C40\MicrochipStudio projekt\Si4731\ArduinoCore\Release\libArduinoCore.a(Wire.o)
                0x008002e6                _ZN7TwoWire13rxBufferIndexE
 .bss._ZN7TwoWire8rxBufferE
                0x008002e7       0x20 D:\Elektro\_Projekty\Radio Si4731-C40\MicrochipStudio projekt\Si4731\ArduinoCore\Release\libArduinoCore.a(Wire.o)
                0x008002e7                _ZN7TwoWire8rxBufferE
 .bss.twi_error
                0x00800307        0x1 D:\Elektro\_Projekty\Radio Si4731-C40\MicrochipStudio projekt\Si4731\ArduinoCore\Release\libArduinoCore.a(twi.o)
 .bss.twi_rxBufferIndex
                0x00800308        0x1 D:\Elektro\_Projekty\Radio Si4731-C40\MicrochipStudio projekt\Si4731\ArduinoCore\Release\libArduinoCore.a(twi.o)
 .bss.twi_rxBuffer
                0x00800309       0x20 D:\Elektro\_Projekty\Radio Si4731-C40\MicrochipStudio projekt\Si4731\ArduinoCore\Release\libArduinoCore.a(twi.o)
 .bss.twi_txBufferLength
                0x00800329        0x1 D:\Elektro\_Projekty\Radio Si4731-C40\MicrochipStudio projekt\Si4731\ArduinoCore\Release\libArduinoCore.a(twi.o)
 .bss.twi_txBufferIndex
                0x0080032a        0x1 D:\Elektro\_Projekty\Radio Si4731-C40\MicrochipStudio projekt\Si4731\ArduinoCore\Release\libArduinoCore.a(twi.o)
 .bss.twi_txBuffer
                0x0080032b       0x20 D:\Elektro\_Projekty\Radio Si4731-C40\MicrochipStudio projekt\Si4731\ArduinoCore\Release\libArduinoCore.a(twi.o)
 .bss.twi_masterBufferLength
                0x0080034b        0x1 D:\Elektro\_Projekty\Radio Si4731-C40\MicrochipStudio projekt\Si4731\ArduinoCore\Release\libArduinoCore.a(twi.o)
 .bss.twi_masterBufferIndex
                0x0080034c        0x1 D:\Elektro\_Projekty\Radio Si4731-C40\MicrochipStudio projekt\Si4731\ArduinoCore\Release\libArduinoCore.a(twi.o)
 .bss.twi_masterBuffer
                0x0080034d       0x20 D:\Elektro\_Projekty\Radio Si4731-C40\MicrochipStudio projekt\Si4731\ArduinoCore\Release\libArduinoCore.a(twi.o)
 .bss.twi_onSlaveReceive
                0x0080036d        0x2 D:\Elektro\_Projekty\Radio Si4731-C40\MicrochipStudio projekt\Si4731\ArduinoCore\Release\libArduinoCore.a(twi.o)
 .bss.twi_onSlaveTransmit
                0x0080036f        0x2 D:\Elektro\_Projekty\Radio Si4731-C40\MicrochipStudio projekt\Si4731\ArduinoCore\Release\libArduinoCore.a(twi.o)
 .bss.twi_do_reset_on_timeout
                0x00800371        0x1 D:\Elektro\_Projekty\Radio Si4731-C40\MicrochipStudio projekt\Si4731\ArduinoCore\Release\libArduinoCore.a(twi.o)
 .bss.twi_timed_out_flag
                0x00800372        0x1 D:\Elektro\_Projekty\Radio Si4731-C40\MicrochipStudio projekt\Si4731\ArduinoCore\Release\libArduinoCore.a(twi.o)
 .bss.twi_timeout_us
                0x00800373        0x4 D:\Elektro\_Projekty\Radio Si4731-C40\MicrochipStudio projekt\Si4731\ArduinoCore\Release\libArduinoCore.a(twi.o)
 .bss.twi_inRepStart
                0x00800377        0x1 D:\Elektro\_Projekty\Radio Si4731-C40\MicrochipStudio projekt\Si4731\ArduinoCore\Release\libArduinoCore.a(twi.o)
 .bss.twi_sendStop
                0x00800378        0x1 D:\Elektro\_Projekty\Radio Si4731-C40\MicrochipStudio projekt\Si4731\ArduinoCore\Release\libArduinoCore.a(twi.o)
 .bss.twi_slarw
                0x00800379        0x1 D:\Elektro\_Projekty\Radio Si4731-C40\MicrochipStudio projekt\Si4731\ArduinoCore\Release\libArduinoCore.a(twi.o)
 .bss.twi_state
                0x0080037a        0x1 D:\Elektro\_Projekty\Radio Si4731-C40\MicrochipStudio projekt\Si4731\ArduinoCore\Release\libArduinoCore.a(twi.o)
 *(COMMON)
                0x0080037b                PROVIDE (__bss_end, .)
                0x00001b20                __data_load_start = LOADADDR (.data)
                0x00001b6c                __data_load_end = (__data_load_start + SIZEOF (.data))

.noinit         0x0080037b        0x0
                [!provide]                PROVIDE (__noinit_start, .)
 *(.noinit*)
                [!provide]                PROVIDE (__noinit_end, .)
                0x0080037b                _end = .
                [!provide]                PROVIDE (__heap_start, .)

.eeprom         0x00810000        0x0
 *(.eeprom*)
                0x00810000                __eeprom_end = .

.fuse
 *(.fuse)
 *(.lfuse)
 *(.hfuse)
 *(.efuse)

.lock
 *(.lock*)

.signature
 *(.signature*)

.user_signatures
 *(.user_signatures*)

.stab
 *(.stab)

.stabstr
 *(.stabstr)

.stab.excl
 *(.stab.excl)

.stab.exclstr
 *(.stab.exclstr)

.stab.index
 *(.stab.index)

.stab.indexstr
 *(.stab.indexstr)

.comment        0x00000000       0x30
 *(.comment)
 .comment       0x00000000       0x30 Sketch.o
                                 0x31 (size before relaxing)
 .comment       0x00000030       0x31 vfd.o
 .comment       0x00000030       0x31 D:\Elektro\_Projekty\Radio Si4731-C40\MicrochipStudio projekt\Si4731\ArduinoCore\Release\libArduinoCore.a(main.o)
 .comment       0x00000030       0x31 D:\Elektro\_Projekty\Radio Si4731-C40\MicrochipStudio projekt\Si4731\ArduinoCore\Release\libArduinoCore.a(wiring.o)
 .comment       0x00000030       0x31 D:\Elektro\_Projekty\Radio Si4731-C40\MicrochipStudio projekt\Si4731\ArduinoCore\Release\libArduinoCore.a(wiring_digital.o)
 .comment       0x00000030       0x31 D:\Elektro\_Projekty\Radio Si4731-C40\MicrochipStudio projekt\Si4731\ArduinoCore\Release\libArduinoCore.a(wiring_shift.o)
 .comment       0x00000030       0x31 D:\Elektro\_Projekty\Radio Si4731-C40\MicrochipStudio projekt\Si4731\ArduinoCore\Release\libArduinoCore.a(SI4735.o)
 .comment       0x00000030       0x31 D:\Elektro\_Projekty\Radio Si4731-C40\MicrochipStudio projekt\Si4731\ArduinoCore\Release\libArduinoCore.a(Wire.o)
 .comment       0x00000030       0x31 D:\Elektro\_Projekty\Radio Si4731-C40\MicrochipStudio projekt\Si4731\ArduinoCore\Release\libArduinoCore.a(hooks.o)
 .comment       0x00000030       0x31 D:\Elektro\_Projekty\Radio Si4731-C40\MicrochipStudio projekt\Si4731\ArduinoCore\Release\libArduinoCore.a(twi.o)

.note.gnu.avr.deviceinfo
                0x00000000       0x3c
 .note.gnu.avr.deviceinfo
                0x00000000       0x3c C:/Program Files (x86)/Atmel/Studio/7.0/Packs/atmel/ATmega_DFP/2.0.401/gcc/dev/atmega328/avr5/crtatmega328.o

.note.gnu.build-id
 *(.note.gnu.build-id)

.debug
 *(.debug)

.line
 *(.line)

.debug_srcinfo
 *(.debug_srcinfo)

.debug_sfnames
 *(.debug_sfnames)

.debug_aranges  0x00000000      0x6c8
 *(.debug_aranges)
 .debug_aranges
                0x00000000       0x38 Sketch.o
 .debug_aranges
                0x00000038       0x18 vfd.o
 .debug_aranges
                0x00000050       0x30 D:\Elektro\_Projekty\Radio Si4731-C40\MicrochipStudio projekt\Si4731\ArduinoCore\Release\libArduinoCore.a(main.o)
 .debug_aranges
                0x00000080       0x48 D:\Elektro\_Projekty\Radio Si4731-C40\MicrochipStudio projekt\Si4731\ArduinoCore\Release\libArduinoCore.a(wiring.o)
 .debug_aranges
                0x000000c8       0x38 D:\Elektro\_Projekty\Radio Si4731-C40\MicrochipStudio projekt\Si4731\ArduinoCore\Release\libArduinoCore.a(wiring_digital.o)
 .debug_aranges
                0x00000100       0x28 D:\Elektro\_Projekty\Radio Si4731-C40\MicrochipStudio projekt\Si4731\ArduinoCore\Release\libArduinoCore.a(wiring_shift.o)
 .debug_aranges
                0x00000128      0x3d8 D:\Elektro\_Projekty\Radio Si4731-C40\MicrochipStudio projekt\Si4731\ArduinoCore\Release\libArduinoCore.a(SI4735.o)
 .debug_aranges
                0x00000500      0x110 D:\Elektro\_Projekty\Radio Si4731-C40\MicrochipStudio projekt\Si4731\ArduinoCore\Release\libArduinoCore.a(Wire.o)
 .debug_aranges
                0x00000610       0x20 D:\Elektro\_Projekty\Radio Si4731-C40\MicrochipStudio projekt\Si4731\ArduinoCore\Release\libArduinoCore.a(hooks.o)
 .debug_aranges
                0x00000630       0x98 D:\Elektro\_Projekty\Radio Si4731-C40\MicrochipStudio projekt\Si4731\ArduinoCore\Release\libArduinoCore.a(twi.o)

.debug_pubnames
 *(.debug_pubnames)

.debug_info     0x00000000    0x1203c
 *(.debug_info .gnu.linkonce.wi.*)
 .debug_info    0x00000000      0x5f4 C:/Program Files (x86)/Atmel/Studio/7.0/Packs/atmel/ATmega_DFP/2.0.401/gcc/dev/atmega328/avr5/crtatmega328.o
 .debug_info    0x000005f4     0x3c6e Sketch.o
 .debug_info    0x00004262      0xecf vfd.o
 .debug_info    0x00005131      0x237 D:\Elektro\_Projekty\Radio Si4731-C40\MicrochipStudio projekt\Si4731\ArduinoCore\Release\libArduinoCore.a(main.o)
 .debug_info    0x00005368      0x2cb D:\Elektro\_Projekty\Radio Si4731-C40\MicrochipStudio projekt\Si4731\ArduinoCore\Release\libArduinoCore.a(wiring.o)
 .debug_info    0x00005633      0x5fe D:\Elektro\_Projekty\Radio Si4731-C40\MicrochipStudio projekt\Si4731\ArduinoCore\Release\libArduinoCore.a(wiring_digital.o)
 .debug_info    0x00005c31      0x2b6 D:\Elektro\_Projekty\Radio Si4731-C40\MicrochipStudio projekt\Si4731\ArduinoCore\Release\libArduinoCore.a(wiring_shift.o)
 .debug_info    0x00005ee7     0x8f2b D:\Elektro\_Projekty\Radio Si4731-C40\MicrochipStudio projekt\Si4731\ArduinoCore\Release\libArduinoCore.a(SI4735.o)
 .debug_info    0x0000ee12     0x2910 D:\Elektro\_Projekty\Radio Si4731-C40\MicrochipStudio projekt\Si4731\ArduinoCore\Release\libArduinoCore.a(Wire.o)
 .debug_info    0x00011722       0x3e D:\Elektro\_Projekty\Radio Si4731-C40\MicrochipStudio projekt\Si4731\ArduinoCore\Release\libArduinoCore.a(hooks.o)
 .debug_info    0x00011760      0x8dc D:\Elektro\_Projekty\Radio Si4731-C40\MicrochipStudio projekt\Si4731\ArduinoCore\Release\libArduinoCore.a(twi.o)

.debug_abbrev   0x00000000     0x1d54
 *(.debug_abbrev)
 .debug_abbrev  0x00000000      0x5a2 C:/Program Files (x86)/Atmel/Studio/7.0/Packs/atmel/ATmega_DFP/2.0.401/gcc/dev/atmega328/avr5/crtatmega328.o
 .debug_abbrev  0x000005a2      0x423 Sketch.o
 .debug_abbrev  0x000009c5       0x9f vfd.o
 .debug_abbrev  0x00000a64      0x12d D:\Elektro\_Projekty\Radio Si4731-C40\MicrochipStudio projekt\Si4731\ArduinoCore\Release\libArduinoCore.a(main.o)
 .debug_abbrev  0x00000b91      0x146 D:\Elektro\_Projekty\Radio Si4731-C40\MicrochipStudio projekt\Si4731\ArduinoCore\Release\libArduinoCore.a(wiring.o)
 .debug_abbrev  0x00000cd7      0x15b D:\Elektro\_Projekty\Radio Si4731-C40\MicrochipStudio projekt\Si4731\ArduinoCore\Release\libArduinoCore.a(wiring_digital.o)
 .debug_abbrev  0x00000e32      0x111 D:\Elektro\_Projekty\Radio Si4731-C40\MicrochipStudio projekt\Si4731\ArduinoCore\Release\libArduinoCore.a(wiring_shift.o)
 .debug_abbrev  0x00000f43      0x592 D:\Elektro\_Projekty\Radio Si4731-C40\MicrochipStudio projekt\Si4731\ArduinoCore\Release\libArduinoCore.a(SI4735.o)
 .debug_abbrev  0x000014d5      0x563 D:\Elektro\_Projekty\Radio Si4731-C40\MicrochipStudio projekt\Si4731\ArduinoCore\Release\libArduinoCore.a(Wire.o)
 .debug_abbrev  0x00001a38       0x2a D:\Elektro\_Projekty\Radio Si4731-C40\MicrochipStudio projekt\Si4731\ArduinoCore\Release\libArduinoCore.a(hooks.o)
 .debug_abbrev  0x00001a62      0x2f2 D:\Elektro\_Projekty\Radio Si4731-C40\MicrochipStudio projekt\Si4731\ArduinoCore\Release\libArduinoCore.a(twi.o)

.debug_line     0x00000000     0x4213
 *(.debug_line .debug_line.* .debug_line_end)
 .debug_line    0x00000000      0x134 C:/Program Files (x86)/Atmel/Studio/7.0/Packs/atmel/ATmega_DFP/2.0.401/gcc/dev/atmega328/avr5/crtatmega328.o
 .debug_line    0x00000134      0x4dc Sketch.o
 .debug_line    0x00000610       0x35 vfd.o
 .debug_line    0x00000645      0x17a D:\Elektro\_Projekty\Radio Si4731-C40\MicrochipStudio projekt\Si4731\ArduinoCore\Release\libArduinoCore.a(main.o)
 .debug_line    0x000007bf      0x2ae D:\Elektro\_Projekty\Radio Si4731-C40\MicrochipStudio projekt\Si4731\ArduinoCore\Release\libArduinoCore.a(wiring.o)
 .debug_line    0x00000a6d      0x267 D:\Elektro\_Projekty\Radio Si4731-C40\MicrochipStudio projekt\Si4731\ArduinoCore\Release\libArduinoCore.a(wiring_digital.o)
 .debug_line    0x00000cd4      0x1a5 D:\Elektro\_Projekty\Radio Si4731-C40\MicrochipStudio projekt\Si4731\ArduinoCore\Release\libArduinoCore.a(wiring_shift.o)
 .debug_line    0x00000e79     0x2652 D:\Elektro\_Projekty\Radio Si4731-C40\MicrochipStudio projekt\Si4731\ArduinoCore\Release\libArduinoCore.a(SI4735.o)
 .debug_line    0x000034cb      0x637 D:\Elektro\_Projekty\Radio Si4731-C40\MicrochipStudio projekt\Si4731\ArduinoCore\Release\libArduinoCore.a(Wire.o)
 .debug_line    0x00003b02       0x41 D:\Elektro\_Projekty\Radio Si4731-C40\MicrochipStudio projekt\Si4731\ArduinoCore\Release\libArduinoCore.a(hooks.o)
 .debug_line    0x00003b43      0x6d0 D:\Elektro\_Projekty\Radio Si4731-C40\MicrochipStudio projekt\Si4731\ArduinoCore\Release\libArduinoCore.a(twi.o)

.debug_frame    0x00000000     0x18dc
 *(.debug_frame)
 .debug_frame   0x00000000       0x84 Sketch.o
 .debug_frame   0x00000084       0x54 D:\Elektro\_Projekty\Radio Si4731-C40\MicrochipStudio projekt\Si4731\ArduinoCore\Release\libArduinoCore.a(main.o)
 .debug_frame   0x000000d8       0xc4 D:\Elektro\_Projekty\Radio Si4731-C40\MicrochipStudio projekt\Si4731\ArduinoCore\Release\libArduinoCore.a(wiring.o)
 .debug_frame   0x0000019c       0x7c D:\Elektro\_Projekty\Radio Si4731-C40\MicrochipStudio projekt\Si4731\ArduinoCore\Release\libArduinoCore.a(wiring_digital.o)
 .debug_frame   0x00000218       0x78 D:\Elektro\_Projekty\Radio Si4731-C40\MicrochipStudio projekt\Si4731\ArduinoCore\Release\libArduinoCore.a(wiring_shift.o)
 .debug_frame   0x00000290     0x1170 D:\Elektro\_Projekty\Radio Si4731-C40\MicrochipStudio projekt\Si4731\ArduinoCore\Release\libArduinoCore.a(SI4735.o)
 .debug_frame   0x00001400      0x2b0 D:\Elektro\_Projekty\Radio Si4731-C40\MicrochipStudio projekt\Si4731\ArduinoCore\Release\libArduinoCore.a(Wire.o)
 .debug_frame   0x000016b0       0x24 D:\Elektro\_Projekty\Radio Si4731-C40\MicrochipStudio projekt\Si4731\ArduinoCore\Release\libArduinoCore.a(hooks.o)
 .debug_frame   0x000016d4      0x208 D:\Elektro\_Projekty\Radio Si4731-C40\MicrochipStudio projekt\Si4731\ArduinoCore\Release\libArduinoCore.a(twi.o)

.debug_str      0x00000000     0x5ffa
 *(.debug_str)
 .debug_str     0x00000000      0x208 C:/Program Files (x86)/Atmel/Studio/7.0/Packs/atmel/ATmega_DFP/2.0.401/gcc/dev/atmega328/avr5/crtatmega328.o
 .debug_str     0x00000208     0x377e Sketch.o
                               0x394b (size before relaxing)
 .debug_str     0x00003986      0x5ca vfd.o
                                0x84d (size before relaxing)
 .debug_str     0x00003f50       0xb3 D:\Elektro\_Projekty\Radio Si4731-C40\MicrochipStudio projekt\Si4731\ArduinoCore\Release\libArduinoCore.a(main.o)
                                0x2b8 (size before relaxing)
 .debug_str     0x00004003      0x141 D:\Elektro\_Projekty\Radio Si4731-C40\MicrochipStudio projekt\Si4731\ArduinoCore\Release\libArduinoCore.a(wiring.o)
                                0x24e (size before relaxing)
 .debug_str     0x00004144       0xc8 D:\Elektro\_Projekty\Radio Si4731-C40\MicrochipStudio projekt\Si4731\ArduinoCore\Release\libArduinoCore.a(wiring_digital.o)
                                0x2b3 (size before relaxing)
 .debug_str     0x0000420c       0x3d D:\Elektro\_Projekty\Radio Si4731-C40\MicrochipStudio projekt\Si4731\ArduinoCore\Release\libArduinoCore.a(wiring_shift.o)
                                0x210 (size before relaxing)
 .debug_str     0x00004249      0x673 D:\Elektro\_Projekty\Radio Si4731-C40\MicrochipStudio projekt\Si4731\ArduinoCore\Release\libArduinoCore.a(SI4735.o)
                               0x3fb0 (size before relaxing)
 .debug_str     0x000048bc     0x150d D:\Elektro\_Projekty\Radio Si4731-C40\MicrochipStudio projekt\Si4731\ArduinoCore\Release\libArduinoCore.a(Wire.o)
                               0x19a9 (size before relaxing)
 .debug_str     0x00005dc9       0x1c D:\Elektro\_Projekty\Radio Si4731-C40\MicrochipStudio projekt\Si4731\ArduinoCore\Release\libArduinoCore.a(hooks.o)
                                0x143 (size before relaxing)
 .debug_str     0x00005de5      0x215 D:\Elektro\_Projekty\Radio Si4731-C40\MicrochipStudio projekt\Si4731\ArduinoCore\Release\libArduinoCore.a(twi.o)
                                0x4fd (size before relaxing)

.debug_loc      0x00000000     0x8a72
 *(.debug_loc)
 .debug_loc     0x00000000      0x183 Sketch.o
 .debug_loc     0x00000183      0x28d D:\Elektro\_Projekty\Radio Si4731-C40\MicrochipStudio projekt\Si4731\ArduinoCore\Release\libArduinoCore.a(wiring.o)
 .debug_loc     0x00000410      0x5fc D:\Elektro\_Projekty\Radio Si4731-C40\MicrochipStudio projekt\Si4731\ArduinoCore\Release\libArduinoCore.a(wiring_digital.o)
 .debug_loc     0x00000a0c      0x2d1 D:\Elektro\_Projekty\Radio Si4731-C40\MicrochipStudio projekt\Si4731\ArduinoCore\Release\libArduinoCore.a(wiring_shift.o)
 .debug_loc     0x00000cdd     0x685b D:\Elektro\_Projekty\Radio Si4731-C40\MicrochipStudio projekt\Si4731\ArduinoCore\Release\libArduinoCore.a(SI4735.o)
 .debug_loc     0x00007538      0xcbb D:\Elektro\_Projekty\Radio Si4731-C40\MicrochipStudio projekt\Si4731\ArduinoCore\Release\libArduinoCore.a(Wire.o)
 .debug_loc     0x000081f3      0x87f D:\Elektro\_Projekty\Radio Si4731-C40\MicrochipStudio projekt\Si4731\ArduinoCore\Release\libArduinoCore.a(twi.o)

.debug_macinfo
 *(.debug_macinfo)

.debug_weaknames
 *(.debug_weaknames)

.debug_funcnames
 *(.debug_funcnames)

.debug_typenames
 *(.debug_typenames)

.debug_varnames
 *(.debug_varnames)

.debug_pubtypes
 *(.debug_pubtypes)

.debug_ranges   0x00000000      0x688
 *(.debug_ranges)
 .debug_ranges  0x00000000       0x28 Sketch.o
 .debug_ranges  0x00000028       0x20 D:\Elektro\_Projekty\Radio Si4731-C40\MicrochipStudio projekt\Si4731\ArduinoCore\Release\libArduinoCore.a(main.o)
 .debug_ranges  0x00000048       0x38 D:\Elektro\_Projekty\Radio Si4731-C40\MicrochipStudio projekt\Si4731\ArduinoCore\Release\libArduinoCore.a(wiring.o)
 .debug_ranges  0x00000080       0x28 D:\Elektro\_Projekty\Radio Si4731-C40\MicrochipStudio projekt\Si4731\ArduinoCore\Release\libArduinoCore.a(wiring_digital.o)
 .debug_ranges  0x000000a8       0x18 D:\Elektro\_Projekty\Radio Si4731-C40\MicrochipStudio projekt\Si4731\ArduinoCore\Release\libArduinoCore.a(wiring_shift.o)
 .debug_ranges  0x000000c0      0x430 D:\Elektro\_Projekty\Radio Si4731-C40\MicrochipStudio projekt\Si4731\ArduinoCore\Release\libArduinoCore.a(SI4735.o)
 .debug_ranges  0x000004f0      0x100 D:\Elektro\_Projekty\Radio Si4731-C40\MicrochipStudio projekt\Si4731\ArduinoCore\Release\libArduinoCore.a(Wire.o)
 .debug_ranges  0x000005f0       0x10 D:\Elektro\_Projekty\Radio Si4731-C40\MicrochipStudio projekt\Si4731\ArduinoCore\Release\libArduinoCore.a(hooks.o)
 .debug_ranges  0x00000600       0x88 D:\Elektro\_Projekty\Radio Si4731-C40\MicrochipStudio projekt\Si4731\ArduinoCore\Release\libArduinoCore.a(twi.o)

.debug_macro
 *(.debug_macro)
OUTPUT(Arduino_Si4735.elf elf32-avr)
LOAD linker stubs
