Archive member included to satisfy reference by file (symbol)

D:\Elektro\_Projekty\Radio Si4731-C40\_github\MicrochipStudio projekt - main\Si4731\ArduinoCore\Debug\libArduinoCore.a(main.o)
                              C:/Program Files (x86)/Atmel/Studio/7.0/Packs/Atmel/ATmega_DFP/2.2.509/gcc/dev/atmega328/avr5/crtatmega328.o (main)
D:\Elektro\_Projekty\Radio Si4731-C40\_github\MicrochipStudio projekt - main\Si4731\ArduinoCore\Debug\libArduinoCore.a(Stream.o)
                              Sketch.o (_ZN6Stream9readBytesEPcj)
D:\Elektro\_Projekty\Radio Si4731-C40\_github\MicrochipStudio projekt - main\Si4731\ArduinoCore\Debug\libArduinoCore.a(wiring.o)
                              Sketch.o (millis)
D:\Elektro\_Projekty\Radio Si4731-C40\_github\MicrochipStudio projekt - main\Si4731\ArduinoCore\Debug\libArduinoCore.a(wiring_digital.o)
                              Sketch.o (pinMode)
D:\Elektro\_Projekty\Radio Si4731-C40\_github\MicrochipStudio projekt - main\Si4731\ArduinoCore\Debug\libArduinoCore.a(WString.o)
                              D:\Elektro\_Projekty\Radio Si4731-C40\_github\MicrochipStudio projekt - main\Si4731\ArduinoCore\Debug\libArduinoCore.a(Stream.o) (_ZN6StringC1EPKc)
D:\Elektro\_Projekty\Radio Si4731-C40\_github\MicrochipStudio projekt - main\Si4731\ArduinoCore\Debug\libArduinoCore.a(SI4735.o)
                              Sketch.o (_ZN6SI4735C1Ev)
D:\Elektro\_Projekty\Radio Si4731-C40\_github\MicrochipStudio projekt - main\Si4731\ArduinoCore\Debug\libArduinoCore.a(Wire.o)
                              Sketch.o (_ZN7TwoWire4readEv)
D:\Elektro\_Projekty\Radio Si4731-C40\_github\MicrochipStudio projekt - main\Si4731\ArduinoCore\Debug\libArduinoCore.a(hooks.o)
                              D:\Elektro\_Projekty\Radio Si4731-C40\_github\MicrochipStudio projekt - main\Si4731\ArduinoCore\Debug\libArduinoCore.a(wiring.o) (yield)
D:\Elektro\_Projekty\Radio Si4731-C40\_github\MicrochipStudio projekt - main\Si4731\ArduinoCore\Debug\libArduinoCore.a(twi.o)
                              D:\Elektro\_Projekty\Radio Si4731-C40\_github\MicrochipStudio projekt - main\Si4731\ArduinoCore\Debug\libArduinoCore.a(Wire.o) (twi_init)
c:/program files (x86)/atmel/studio/7.0/toolchain/avr8/avr8-gnu-toolchain/bin/../lib/gcc/avr/5.4.0/../../../../avr/lib/avr5\libm.a(floatsisf.o)
                              D:\Elektro\_Projekty\Radio Si4731-C40\_github\MicrochipStudio projekt - main\Si4731\ArduinoCore\Debug\libArduinoCore.a(Stream.o) (__floatsisf)
c:/program files (x86)/atmel/studio/7.0/toolchain/avr8/avr8-gnu-toolchain/bin/../lib/gcc/avr/5.4.0/../../../../avr/lib/avr5\libm.a(mulsf3.o)
                              D:\Elektro\_Projekty\Radio Si4731-C40\_github\MicrochipStudio projekt - main\Si4731\ArduinoCore\Debug\libArduinoCore.a(Stream.o) (__mulsf3)
c:/program files (x86)/atmel/studio/7.0/toolchain/avr8/avr8-gnu-toolchain/bin/../lib/gcc/avr/5.4.0/../../../../avr/lib/avr5\libm.a(mulsf3x.o)
                              c:/program files (x86)/atmel/studio/7.0/toolchain/avr8/avr8-gnu-toolchain/bin/../lib/gcc/avr/5.4.0/../../../../avr/lib/avr5\libm.a(mulsf3.o) (__mulsf3x)
c:/program files (x86)/atmel/studio/7.0/toolchain/avr8/avr8-gnu-toolchain/bin/../lib/gcc/avr/5.4.0/../../../../avr/lib/avr5\libm.a(fp_inf.o)
                              c:/program files (x86)/atmel/studio/7.0/toolchain/avr8/avr8-gnu-toolchain/bin/../lib/gcc/avr/5.4.0/../../../../avr/lib/avr5\libm.a(mulsf3x.o) (__fp_inf)
c:/program files (x86)/atmel/studio/7.0/toolchain/avr8/avr8-gnu-toolchain/bin/../lib/gcc/avr/5.4.0/../../../../avr/lib/avr5\libm.a(fp_nan.o)
                              c:/program files (x86)/atmel/studio/7.0/toolchain/avr8/avr8-gnu-toolchain/bin/../lib/gcc/avr/5.4.0/../../../../avr/lib/avr5\libm.a(mulsf3x.o) (__fp_nan)
c:/program files (x86)/atmel/studio/7.0/toolchain/avr8/avr8-gnu-toolchain/bin/../lib/gcc/avr/5.4.0/../../../../avr/lib/avr5\libm.a(fp_pscA.o)
                              c:/program files (x86)/atmel/studio/7.0/toolchain/avr8/avr8-gnu-toolchain/bin/../lib/gcc/avr/5.4.0/../../../../avr/lib/avr5\libm.a(mulsf3x.o) (__fp_pscA)
c:/program files (x86)/atmel/studio/7.0/toolchain/avr8/avr8-gnu-toolchain/bin/../lib/gcc/avr/5.4.0/../../../../avr/lib/avr5\libm.a(fp_pscB.o)
                              c:/program files (x86)/atmel/studio/7.0/toolchain/avr8/avr8-gnu-toolchain/bin/../lib/gcc/avr/5.4.0/../../../../avr/lib/avr5\libm.a(mulsf3x.o) (__fp_pscB)
c:/program files (x86)/atmel/studio/7.0/toolchain/avr8/avr8-gnu-toolchain/bin/../lib/gcc/avr/5.4.0/../../../../avr/lib/avr5\libm.a(fp_round.o)
                              c:/program files (x86)/atmel/studio/7.0/toolchain/avr8/avr8-gnu-toolchain/bin/../lib/gcc/avr/5.4.0/../../../../avr/lib/avr5\libm.a(mulsf3.o) (__fp_round)
c:/program files (x86)/atmel/studio/7.0/toolchain/avr8/avr8-gnu-toolchain/bin/../lib/gcc/avr/5.4.0/../../../../avr/lib/avr5\libm.a(fp_split3.o)
[...]
Memory Configuration

Name             Origin             Length             Attributes
text             0x00000000         0x00008000         xr
data             0x00800100         0x00000800         rw !x
eeprom           0x00810000         0x00000400         rw !x
fuse             0x00820000         0x00000003         rw !x
lock             0x00830000         0x00000400         rw !x
signature        0x00840000         0x00000400         rw !x
user_signatures  0x00850000         0x00000400         rw !x
*default*        0x00000000         0xffffffff

Linker script and memory map

Address of section .data set to 0x800100
LOAD C:/Program Files (x86)/Atmel/Studio/7.0/Packs/Atmel/ATmega_DFP/2.2.509/gcc/dev/atmega328/avr5/crtatmega328.o
LOAD irmp.o
LOAD Sketch.o
START GROUP
LOAD c:/program files (x86)/atmel/studio/7.0/toolchain/avr8/avr8-gnu-toolchain/bin/../lib/gcc/avr/5.4.0/../../../../avr/lib/avr5\libm.a
LOAD D:\Elektro\_Projekty\Radio Si4731-C40\_github\MicrochipStudio projekt - main\Si4731\ArduinoCore\Debug\libArduinoCore.a
END GROUP
LOAD c:/program files (x86)/atmel/studio/7.0/toolchain/avr8/avr8-gnu-toolchain/bin/../lib/gcc/avr/5.4.0/avr5\libgcc.a
LOAD c:/program files (x86)/atmel/studio/7.0/toolchain/avr8/avr8-gnu-toolchain/bin/../lib/gcc/avr/5.4.0/../../../../avr/lib/avr5\libm.a
START GROUP
LOAD c:/program files (x86)/atmel/studio/7.0/toolchain/avr8/avr8-gnu-toolchain/bin/../lib/gcc/avr/5.4.0/avr5\libgcc.a
LOAD c:/program files (x86)/atmel/studio/7.0/toolchain/avr8/avr8-gnu-toolchain/bin/../lib/gcc/avr/5.4.0/../../../../avr/lib/avr5\libm.a
LOAD c:/program files (x86)/atmel/studio/7.0/toolchain/avr8/avr8-gnu-toolchain/bin/../lib/gcc/avr/5.4.0/../../../../avr/lib/avr5\libc.a
LOAD C:/Program Files (x86)/Atmel/Studio/7.0/Packs/Atmel/ATmega_DFP/2.2.509/gcc/dev/atmega328/avr5\libatmega328.a
END GROUP
                0x00000000                __TEXT_REGION_ORIGIN__ = DEFINED (__TEXT_REGION_ORIGIN__)?__TEXT_REGION_ORIGIN__:0x0
                [0x00800100]                __DATA_REGION_ORIGIN__ = DEFINED (__DATA_REGION_ORIGIN__)?__DATA_REGION_ORIGIN__:0x800060
                [0x00008000]                __TEXT_REGION_LENGTH__ = DEFINED (__TEXT_REGION_LENGTH__)?__TEXT_REGION_LENGTH__:0x20000
                [0x00000800]                __DATA_REGION_LENGTH__ = DEFINED (__DATA_REGION_LENGTH__)?__DATA_REGION_LENGTH__:0xffa0
                [0x00000400]                __EEPROM_REGION_LENGTH__ = DEFINED (__EEPROM_REGION_LENGTH__)?__EEPROM_REGION_LENGTH__:0x10000
                [0x00000003]                __FUSE_REGION_LENGTH__ = DEFINED (__FUSE_REGION_LENGTH__)?__FUSE_REGION_LENGTH__:0x400
                0x00000400                __LOCK_REGION_LENGTH__ = DEFINED (__LOCK_REGION_LENGTH__)?__LOCK_REGION_LENGTH__:0x400
                0x00000400                __SIGNATURE_REGION_LENGTH__ = DEFINED (__SIGNATURE_REGION_LENGTH__)?__SIGNATURE_REGION_LENGTH__:0x400
                0x00000400                __USER_SIGNATURE_REGION_LENGTH__ = DEFINED (__USER_SIGNATURE_REGION_LENGTH__)?__USER_SIGNATURE_REGION_LENGTH__:0x400

.hash
 *(.hash)

.dynsym
 *(.dynsym)

.dynstr
 *(.dynstr)

.gnu.version
 *(.gnu.version)

.gnu.version_d
 *(.gnu.version_d)

.gnu.version_r
 *(.gnu.version_r)

.rel.init
 *(.rel.init)

.rela.init
 *(.rela.init)

.rel.text
 *(.rel.text)
 *(.rel.text.*)
 *(.rel.gnu.linkonce.t*)

.rela.text
 *(.rela.text)
 *(.rela.text.*)
 *(.rela.gnu.linkonce.t*)

.rel.fini
 *(.rel.fini)

.rela.fini
 *(.rela.fini)

.rel.rodata
 *(.rel.rodata)
 *(.rel.rodata.*)
 *(.rel.gnu.linkonce.r*)

.rela.rodata
 *(.rela.rodata)
 *(.rela.rodata.*)
 *(.rela.gnu.linkonce.r*)

.rel.data
 *(.rel.data)
 *(.rel.data.*)
 *(.rel.gnu.linkonce.d*)

.rela.data
 *(.rela.data)
 *(.rela.data.*)
 *(.rela.gnu.linkonce.d*)

.rel.ctors
 *(.rel.ctors)

.rela.ctors
 *(.rela.ctors)

.rel.dtors
 *(.rel.dtors)

.rela.dtors
 *(.rela.dtors)

.rel.got
 *(.rel.got)

.rela.got
 *(.rela.got)

.rel.bss
 *(.rel.bss)

.rela.bss
 *(.rela.bss)

.rel.plt
 *(.rel.plt)

.rela.plt
 *(.rela.plt)

.text           0x00000000     0x6f64
 *(.vectors)
 .vectors       0x00000000       0x68 C:/Program Files (x86)/Atmel/Studio/7.0/Packs/Atmel/ATmega_DFP/2.2.509/gcc/dev/atmega328/avr5/crtatmega328.o
                0x00000000                __vector_default
                0x00000000                __vectors
 *(.vectors)
 *(.progmem.gcc*)
                0x00000068                . = ALIGN (0x2)
                0x00000068                __trampolines_start = .
 *(.trampolines)
 .trampolines   0x00000068        0x0 linker stubs
 *(.trampolines*)
                0x00000068                __trampolines_end = .
 *libprintf_flt.a:*(.progmem.data)
 *libc.a:*(.progmem.data)
 *(.progmem*)
 .progmem.data._ZL12ruwido_param
                0x00000068       0x11 irmp.o
 .progmem.data._ZL13grundig_param
                0x00000079       0x11 irmp.o
 .progmem.data._ZL9rc6_param
                0x0000008a       0x11 irmp.o
 .progmem.data._ZL11denon_param
                0x0000009b       0x11 irmp.o
 .progmem.data._ZL9rc5_param
                0x000000ac       0x11 irmp.o
 .progmem.data._ZL14kaseikyo_param
                0x000000bd       0x11 irmp.o
 .progmem.data._ZL16matsushita_param
                0x000000ce       0x11 irmp.o
 .progmem.data._ZL13samsung_param
                0x000000df       0x11 irmp.o
 .progmem.data._ZL11nec42_param
                0x000000f0       0x11 irmp.o
 .progmem.data._ZL13nec_rep_param
                0x00000101       0x11 irmp.o
 .progmem.data._ZL9nec_param
                0x00000112       0x11 irmp.o
 .progmem.data._ZL11sircs_param
                0x00000123       0x11 irmp.o
 .progmem.data.digital_pin_to_timer_PGM
                0x00000134       0x14 D:\Elektro\_Projekty\Radio Si4731-C40\_github\MicrochipStudio projekt - main\Si4731\ArduinoCore\Debug\libArduinoCore.a(wiring_digital.o)
                0x00000134                digital_pin_to_timer_PGM
 .progmem.data.digital_pin_to_bit_mask_PGM
                0x00000148       0x14 D:\Elektro\_Projekty\Radio Si4731-C40\_github\MicrochipStudio projekt - main\Si4731\ArduinoCore\Debug\libArduinoCore.a(wiring_digital.o)
                0x00000148                digital_pin_to_bit_mask_PGM
 .progmem.data.digital_pin_to_port_PGM
                0x0000015c       0x14 D:\Elektro\_Projekty\Radio Si4731-C40\_github\MicrochipStudio projekt - main\Si4731\ArduinoCore\Debug\libArduinoCore.a(wiring_digital.o)
                0x0000015c                digital_pin_to_port_PGM
 .progmem.data.port_to_input_PGM
                0x00000170        0xa D:\Elektro\_Projekty\Radio Si4731-C40\_github\MicrochipStudio projekt - main\Si4731\ArduinoCore\Debug\libArduinoCore.a(wiring_digital.o)
                0x00000170                port_to_input_PGM
 .progmem.data.port_to_output_PGM
                0x0000017a        0xa D:\Elektro\_Projekty\Radio Si4731-C40\_github\MicrochipStudio projekt - main\Si4731\ArduinoCore\Debug\libArduinoCore.a(wiring_digital.o)
                0x0000017a                port_to_output_PGM
 .progmem.data.port_to_mode_PGM
                0x00000184        0xa D:\Elektro\_Projekty\Radio Si4731-C40\_github\MicrochipStudio projekt - main\Si4731\ArduinoCore\Debug\libArduinoCore.a(wiring_digital.o)
                0x00000184                port_to_mode_PGM
                0x0000018e                . = ALIGN (0x2)
 *(.jumptables)
 *(.jumptables*)
 *(.lowtext)
 *(.lowtext*)
                0x0000018e                __ctors_start = .
 *(.ctors)
 .ctors         0x0000018e        0x2 Sketch.o
 .ctors         0x00000190        0x2 D:\Elektro\_Projekty\Radio Si4731-C40\_github\MicrochipStudio projekt - main\Si4731\ArduinoCore\Debug\libArduinoCore.a(Wire.o)
                0x00000192                __ctors_end = .
                0x00000192                __dtors_start = .
 *(.dtors)
                0x00000192                __dtors_end = .
 SORT(*)(.ctors)
 SORT(*)(.dtors)
 *(.init0)
 .init0         0x00000192        0x0 C:/Program Files (x86)/Atmel/Studio/7.0/Packs/Atmel/ATmega_DFP/2.2.509/gcc/dev/atmega328/avr5/crtatmega328.o
                0x00000192                __init
 *(.init0)
 *(.init1)
 *(.init1)
 *(.init2)
 .init2         0x00000192        0xc C:/Program Files (x86)/Atmel/Studio/7.0/Packs/Atmel/ATmega_DFP/2.2.509/gcc/dev/atmega328/avr5/crtatmega328.o
 *(.init2)
 *(.init3)
 *(.init3)
 *(.init4)
 .init4         0x0000019e       0x16 c:/program files (x86)/atmel/studio/7.0/toolchain/avr8/avr8-gnu-toolchain/bin/../lib/gcc/avr/5.4.0/avr5\libgcc.a(_copy_data.o)
                0x0000019e                __do_copy_data
 .init4         0x000001b4       0x10 c:/program files (x86)/atmel/studio/7.0/toolchain/avr8/avr8-gnu-toolchain/bin/../lib/gcc/avr/5.4.0/avr5\libgcc.a(_clear_bss.o)
                0x000001b4                __do_clear_bss
 *(.init4)
 *(.init5)
 *(.init5)
 *(.init6)
 .init6         0x000001c4       0x16 c:/program files (x86)/atmel/studio/7.0/toolchain/avr8/avr8-gnu-toolchain/bin/../lib/gcc/avr/5.4.0/avr5\libgcc.a(_ctors.o)
                0x000001c4                __do_global_ctors
 *(.init6)
 *(.init7)
 *(.init7)
 *(.init8)
 *(.init8)
 *(.init9)
 .init9         0x000001da        0x8 C:/Program Files (x86)/Atmel/Studio/7.0/Packs/Atmel/ATmega_DFP/2.2.509/gcc/dev/atmega328/avr5/crtatmega328.o
 *(.init9)
 *(.text)
 .text          0x000001e2        0x4 C:/Program Files (x86)/Atmel/Studio/7.0/Packs/Atmel/ATmega_DFP/2.2.509/gcc/dev/atmega328/avr5/crtatmega328.o
                0x000001e2                __vector_22
                0x000001e2                __vector_1
                0x000001e2                __vector_12
                0x000001e2                __bad_interrupt
                0x000001e2                __vector_6
                0x000001e2                __vector_3
                0x000001e2                __vector_23
                0x000001e2                __vector_25
                0x000001e2                __vector_13
                0x000001e2                __vector_17
                0x000001e2                __vector_19
                0x000001e2                __vector_7
                0x000001e2                __vector_5
                0x000001e2                __vector_4
                0x000001e2                __vector_2
                0x000001e2                __vector_21
                0x000001e2                __vector_15
                0x000001e2                __vector_8
                0x000001e2                __vector_14
                0x000001e2                __vector_10
                0x000001e2                __vector_18
                0x000001e2                __vector_20
                0x000001e6                . = ALIGN (0x2)
 *(.text.*)
 .text._ZL14irmp_store_bith
                0x000001e6      0x1a0 irmp.o
 .text.irmp_init
                0x00000386        0x6 irmp.o
                0x00000386                irmp_init
 .text.irmp_get_data
                0x0000038c      0x1b6 irmp.o
                0x0000038c                irmp_get_data
 .text.irmp_ISR
                0x00000542      0xc08 irmp.o
                0x00000542                irmp_ISR
 .text._ZL16compareGraMemoryPKc
                0x0000114a       0x20 Sketch.o
 .text._ZL14clearRadioTextv
                0x0000116a       0x5e Sketch.o
 .text._ZL7getModev
                0x000011c8       0x2a Sketch.o
 .text._ZL12saveSettingsv
                0x000011f2      0x140 Sketch.o
 .text._ZL11learnIrCodePKvP9IRMP_DATAS2_.constprop.19
                0x00001332       0x2a Sketch.o
 .text._ZN7TwoWire5writeEi
                0x0000135c        0xe Sketch.o
                0x0000135c                _ZN7TwoWire5writeEi
 .text._ZL11setMuteOnlyb.part.1
                0x0000136a       0x34 Sketch.o
 .text._ZL11setMuteOnlyb.constprop.18
                0x0000139e       0x34 Sketch.o
 .text.__vector_11
                0x000013d2       0x48 Sketch.o
                0x000013d2                __vector_11
 .text.__vector_9
                0x0000141a       0xe6 Sketch.o
                0x0000141a                __vector_9
 .text.startup._GLOBAL__sub_I_PROGRAM0_ADDRESS
                0x00001500        0x8 Sketch.o
 .text.setup    0x00001508      0x8ca Sketch.o
                0x00001508                setup
 .text._ZL15waitForVfdReadyv
                0x00001dd2       0x36 Sketch.o
 .text._ZL8clearAllv
                0x00001e08       0x40 Sketch.o
 .text._ZL9speTogglec
                0x00001e48       0x42 Sketch.o
 .text._ZL7numPutcch
                0x00001e8a       0x52 Sketch.o
 .text._ZL5speOnc
                0x00001edc       0x6e Sketch.o
 .text._ZL6speOffc
                0x00001f4a       0x6e Sketch.o
 .text._ZL7setMonov.part.10
                0x00001fb8       0x2c Sketch.o
 .text._ZL12clearRdsInfov
                0x00001fe4       0x5a Sketch.o
 .text._ZL7graPutcch
                0x0000203e       0x68 Sketch.o
 .text._ZL7graPutsPKc
                0x000020a6       0x88 Sketch.o
 .text._ZL6showFMv
                0x0000212e        0x8 Sketch.o
 .text._ZL5setBTv
                0x00002136       0xb0 Sketch.o
 .text._ZL16volDisplayUpdatev
                0x000021e6       0x44 Sketch.o
 .text._ZL8clearGrav
                0x0000222a       0x40 Sketch.o
 .text._ZL27forceDateTimeReadAndDisplayv
                0x0000226a       0x68 Sketch.o
 .text._ZL15exitSpecialModev
                0x000022d2       0x40 Sketch.o
 .text._ZL22frequencyDisplayUpdatev
                0x00002312      0x1e6 Sketch.o
 .text._ZL5setFMv
                0x000024f8       0xf2 Sketch.o
 .text._ZL5setAMv
                0x000025ea       0xc6 Sketch.o
 .text._ZL12setFrequencyj
                0x000026b0       0x7c Sketch.o
 .text._ZL2onv  0x0000272c       0xe2 Sketch.o
 .text._ZL22switchToSavedFrequencyjj
                0x0000280e       0x4e Sketch.o
 .text.loop     0x0000285c     0x1df0 Sketch.o
                0x0000285c                loop
 .text.initVariant
                0x0000464c        0x2 D:\Elektro\_Projekty\Radio Si4731-C40\_github\MicrochipStudio projekt - main\Si4731\ArduinoCore\Debug\libArduinoCore.a(main.o)
                0x0000464c                initVariant
 .text.startup.main
                0x0000464e       0x1e D:\Elektro\_Projekty\Radio Si4731-C40\_github\MicrochipStudio projekt - main\Si4731\ArduinoCore\Debug\libArduinoCore.a(main.o)
                0x0000464e                main
 .text._ZN6Stream9timedReadEv
                0x0000466c       0x60 D:\Elektro\_Projekty\Radio Si4731-C40\_github\MicrochipStudio projekt - main\Si4731\ArduinoCore\Debug\libArduinoCore.a(Stream.o)
                0x0000466c                _ZN6Stream9timedReadEv
 .text._ZN6Stream9readBytesEPcj
                0x000046cc       0x4a D:\Elektro\_Projekty\Radio Si4731-C40\_github\MicrochipStudio projekt - main\Si4731\ArduinoCore\Debug\libArduinoCore.a(Stream.o)
                0x000046cc                _ZN6Stream9readBytesEPcj
 .text.__vector_16
                0x00004716       0x94 D:\Elektro\_Projekty\Radio Si4731-C40\_github\MicrochipStudio projekt - main\Si4731\ArduinoCore\Debug\libArduinoCore.a(wiring.o)
                0x00004716                __vector_16
 .text.millis   0x000047aa       0x18 D:\Elektro\_Projekty\Radio Si4731-C40\_github\MicrochipStudio projekt - main\Si4731\ArduinoCore\Debug\libArduinoCore.a(wiring.o)
                0x000047aa                millis
 .text.micros   0x000047c2       0x4a D:\Elektro\_Projekty\Radio Si4731-C40\_github\MicrochipStudio projekt - main\Si4731\ArduinoCore\Debug\libArduinoCore.a(wiring.o)
                0x000047c2                micros
 .text.delay    0x0000480c       0x78 D:\Elektro\_Projekty\Radio Si4731-C40\_github\MicrochipStudio projekt - main\Si4731\ArduinoCore\Debug\libArduinoCore.a(wiring.o)
                0x0000480c                delay
 .text.delayMicroseconds
                0x00004884       0x16 D:\Elektro\_Projekty\Radio Si4731-C40\_github\MicrochipStudio projekt - main\Si4731\ArduinoCore\Debug\libArduinoCore.a(wiring.o)
                0x00004884                delayMicroseconds
 .text.init     0x0000489a       0x76 D:\Elektro\_Projekty\Radio Si4731-C40\_github\MicrochipStudio projekt - main\Si4731\ArduinoCore\Debug\libArduinoCore.a(wiring.o)
                0x0000489a                init
 .text.turnOffPWM
                0x00004910       0x52 D:\Elektro\_Projekty\Radio Si4731-C40\_github\MicrochipStudio projekt - main\Si4731\ArduinoCore\Debug\libArduinoCore.a(wiring_digital.o)
 .text.pinMode  0x00004962       0x78 D:\Elektro\_Projekty\Radio Si4731-C40\_github\MicrochipStudio projekt - main\Si4731\ArduinoCore\Debug\libArduinoCore.a(wiring_digital.o)
                0x00004962                pinMode
 .text.digitalWrite
                0x000049da       0x5e D:\Elektro\_Projekty\Radio Si4731-C40\_github\MicrochipStudio projekt - main\Si4731\ArduinoCore\Debug\libArduinoCore.a(wiring_digital.o)
                0x000049da                digitalWrite
 .text.digitalRead
                0x00004a38       0x52 D:\Elektro\_Projekty\Radio Si4731-C40\_github\MicrochipStudio projekt - main\Si4731\ArduinoCore\Debug\libArduinoCore.a(wiring_digital.o)
                0x00004a38                digitalRead
 .text._ZN6SI4735C2Ev
                0x00004a8a       0x84 D:\Elektro\_Projekty\Radio Si4731-C40\_github\MicrochipStudio projekt - main\Si4731\ArduinoCore\Debug\libArduinoCore.a(SI4735.o)
                0x00004a8a                _ZN6SI4735C2Ev
                0x00004a8a                _ZN6SI4735C1Ev
 .text._ZN6SI47355resetEv
                0x00004b0e       0x4a D:\Elektro\_Projekty\Radio Si4731-C40\_github\MicrochipStudio projekt - main\Si4731\ArduinoCore\Debug\libArduinoCore.a(SI4735.o)
                0x00004b0e                _ZN6SI47355resetEv
 .text._ZN6SI473510setPowerUpEhhhhhh
                0x00004b58       0x7a D:\Elektro\_Projekty\Radio Si4731-C40\_github\MicrochipStudio projekt - main\Si4731\ArduinoCore\Debug\libArduinoCore.a(SI4735.o)
                0x00004b58                _ZN6SI473510setPowerUpEhhhhhh
 .text._ZN6SI473514disableFmDebugEv
                0x00004bd2       0x6a D:\Elektro\_Projekty\Radio Si4731-C40\_github\MicrochipStudio projekt - main\Si4731\ArduinoCore\Debug\libArduinoCore.a(SI4735.o)
                0x00004bd2                _ZN6SI473514disableFmDebugEv
 .text._ZN6SI473516clearRdsBuffer2AEv
                0x00004c3c       0x1c D:\Elektro\_Projekty\Radio Si4731-C40\_github\MicrochipStudio projekt - main\Si4731\ArduinoCore\Debug\libArduinoCore.a(SI4735.o)
                0x00004c3c                _ZN6SI473516clearRdsBuffer2AEv
 .text._ZN6SI473516clearRdsBuffer2BEv
                0x00004c58       0x20 D:\Elektro\_Projekty\Radio Si4731-C40\_github\MicrochipStudio projekt - main\Si4731\ArduinoCore\Debug\libArduinoCore.a(SI4735.o)
                0x00004c58                _ZN6SI473516clearRdsBuffer2BEv
 .text._ZN6SI473516clearRdsBuffer0AEv
                0x00004c78       0x20 D:\Elektro\_Projekty\Radio Si4731-C40\_github\MicrochipStudio projekt - main\Si4731\ArduinoCore\Debug\libArduinoCore.a(SI4735.o)
                0x00004c78                _ZN6SI473516clearRdsBuffer0AEv
 .text._ZN6SI47357RdsInitEv
                0x00004c98       0x38 D:\Elektro\_Projekty\Radio Si4731-C40\_github\MicrochipStudio projekt - main\Si4731\ArduinoCore\Debug\libArduinoCore.a(SI4735.o)
                0x00004c98                _ZN6SI47357RdsInitEv
 .text._ZN6SI473513getNext2BlockEPc
                0x00004cd0       0x92 D:\Elektro\_Projekty\Radio Si4731-C40\_github\MicrochipStudio projekt - main\Si4731\ArduinoCore\Debug\libArduinoCore.a(SI4735.o)
                0x00004cd0                _ZN6SI473513getNext2BlockEPc
 .text._ZN6SI473513getNext4BlockEPc
                0x00004d62       0xa6 D:\Elektro\_Projekty\Radio Si4731-C40\_github\MicrochipStudio projekt - main\Si4731\ArduinoCore\Debug\libArduinoCore.a(SI4735.o)
                0x00004d62                _ZN6SI473513getNext4BlockEPc
 .text._ZN6SI473512getRdsText0AEv
                0x00004e08       0x5c D:\Elektro\_Projekty\Radio Si4731-C40\_github\MicrochipStudio projekt - main\Si4731\ArduinoCore\Debug\libArduinoCore.a(SI4735.o)
                0x00004e08                _ZN6SI473512getRdsText0AEv
 .text._ZN6SI473512getRdsText2AEv
                0x00004e64       0x54 D:\Elektro\_Projekty\Radio Si4731-C40\_github\MicrochipStudio projekt - main\Si4731\ArduinoCore\Debug\libArduinoCore.a(SI4735.o)
                0x00004e64                _ZN6SI473512getRdsText2AEv
 .text._ZN6SI473512mjdConverterEmPmS0_S0_
                0x00004eb8      0x1c0 D:\Elektro\_Projekty\Radio Si4731-C40\_github\MicrochipStudio projekt - main\Si4731\ArduinoCore\Debug\libArduinoCore.a(SI4735.o)
                0x00004eb8                _ZN6SI473512mjdConverterEmPmS0_S0_
 .text._ZN6SI473514getRdsDateTimeEPjS0_S0_S0_S0_
                0x00005078      0x1fe D:\Elektro\_Projekty\Radio Si4731-C40\_github\MicrochipStudio projekt - main\Si4731\ArduinoCore\Debug\libArduinoCore.a(SI4735.o)
                0x00005078                _ZN6SI473514getRdsDateTimeEPjS0_S0_S0_S0_
 .text._ZN6SI473510waitToSendEv
                0x00005276       0x34 D:\Elektro\_Projekty\Radio Si4731-C40\_github\MicrochipStudio projekt - main\Si4731\ArduinoCore\Debug\libArduinoCore.a(SI4735.o)
                0x00005276                _ZN6SI473510waitToSendEv
 .text._ZN6SI47359powerDownEv
                0x000052aa       0x56 D:\Elektro\_Projekty\Radio Si4731-C40\_github\MicrochipStudio projekt - main\Si4731\ArduinoCore\Debug\libArduinoCore.a(SI4735.o)
                0x000052aa                _ZN6SI47359powerDownEv
 .text._ZN6SI473511getFirmwareEv
                0x00005300       0x9e D:\Elektro\_Projekty\Radio Si4731-C40\_github\MicrochipStudio projekt - main\Si4731\ArduinoCore\Debug\libArduinoCore.a(SI4735.o)
                0x00005300                _ZN6SI473511getFirmwareEv
 .text._ZN6SI473512setFrequencyEj
                0x0000539e      0x11e D:\Elektro\_Projekty\Radio Si4731-C40\_github\MicrochipStudio projekt - main\Si4731\ArduinoCore\Debug\libArduinoCore.a(SI4735.o)
                0x0000539e                _ZN6SI473512setFrequencyEj
 .text._ZN6SI473532setTuneFrequencyAntennaCapacitorEj
                0x000054bc       0x4e D:\Elektro\_Projekty\Radio Si4731-C40\_github\MicrochipStudio projekt - main\Si4731\ArduinoCore\Debug\libArduinoCore.a(SI4735.o)
                0x000054bc                _ZN6SI473532setTuneFrequencyAntennaCapacitorEj
 .text._ZN6SI473511frequencyUpEv
                0x0000550a       0x3e D:\Elektro\_Projekty\Radio Si4731-C40\_github\MicrochipStudio projekt - main\Si4731\ArduinoCore\Debug\libArduinoCore.a(SI4735.o)
                0x0000550a                _ZN6SI473511frequencyUpEv
 .text._ZN6SI473513frequencyDownEv
                0x00005548       0x3e D:\Elektro\_Projekty\Radio Si4731-C40\_github\MicrochipStudio projekt - main\Si4731\ArduinoCore\Debug\libArduinoCore.a(SI4735.o)
                0x00005548                _ZN6SI473513frequencyDownEv
 .text._ZN6SI473531getCurrentReceivedSignalQualityEh
                0x00005586       0xc2 D:\Elektro\_Projekty\Radio Si4731-C40\_github\MicrochipStudio projekt - main\Si4731\ArduinoCore\Debug\libArduinoCore.a(SI4735.o)
                0x00005586                _ZN6SI473531getCurrentReceivedSignalQualityEh
 .text._ZN6SI473531getCurrentReceivedSignalQualityEv
                0x00005648        0x6 D:\Elektro\_Projekty\Radio Si4731-C40\_github\MicrochipStudio projekt - main\Si4731\ArduinoCore\Debug\libArduinoCore.a(SI4735.o)
                0x00005648                _ZN6SI473531getCurrentReceivedSignalQualityEv
 .text._ZN6SI473512sendPropertyEjj
                0x0000564e       0x86 D:\Elektro\_Projekty\Radio Si4731-C40\_github\MicrochipStudio projekt - main\Si4731\ArduinoCore\Debug\libArduinoCore.a(SI4735.o)
                0x0000564e                _ZN6SI473512sendPropertyEjj
 .text._ZN6SI473511setRefClockEj
                0x000056d4       0x28 D:\Elektro\_Projekty\Radio Si4731-C40\_github\MicrochipStudio projekt - main\Si4731\ArduinoCore\Debug\libArduinoCore.a(SI4735.o)
                0x000056d4                _ZN6SI473511setRefClockEj
 .text._ZN6SI473520setRefClockPrescalerEjh
                0x000056fc       0x36 D:\Elektro\_Projekty\Radio Si4731-C40\_github\MicrochipStudio projekt - main\Si4731\ArduinoCore\Debug\libArduinoCore.a(SI4735.o)
                0x000056fc                _ZN6SI473520setRefClockPrescalerEjh
 .text._ZN6SI473515setAvcAmMaxGainEh
                0x00005732       0x28 D:\Elektro\_Projekty\Radio Si4731-C40\_github\MicrochipStudio projekt - main\Si4731\ArduinoCore\Debug\libArduinoCore.a(SI4735.o)
                0x00005732                _ZN6SI473515setAvcAmMaxGainEh
 .text._ZN6SI473515setSeekAmLimitsEjj
                0x0000575a       0x2a D:\Elektro\_Projekty\Radio Si4731-C40\_github\MicrochipStudio projekt - main\Si4731\ArduinoCore\Debug\libArduinoCore.a(SI4735.o)
                0x0000575a                _ZN6SI473515setSeekAmLimitsEjj
 .text._ZN6SI473515setSeekFmLimitsEjj
                0x00005784       0x2a D:\Elektro\_Projekty\Radio Si4731-C40\_github\MicrochipStudio projekt - main\Si4731\ArduinoCore\Debug\libArduinoCore.a(SI4735.o)
                0x00005784                _ZN6SI473515setSeekFmLimitsEjj
 .text._ZN6SI473516setSeekAmSpacingEj
                0x000057ae        0xa D:\Elektro\_Projekty\Radio Si4731-C40\_github\MicrochipStudio projekt - main\Si4731\ArduinoCore\Debug\libArduinoCore.a(SI4735.o)
                0x000057ae                _ZN6SI473516setSeekAmSpacingEj
 .text._ZN6SI473516setSeekFmSpacingEj
                0x000057b8        0xa D:\Elektro\_Projekty\Radio Si4731-C40\_github\MicrochipStudio projekt - main\Si4731\ArduinoCore\Debug\libArduinoCore.a(SI4735.o)
                0x000057b8                _ZN6SI473516setSeekFmSpacingEj
 .text._ZN6SI473525setFmBlendStereoThresholdEh
                0x000057c2        0xc D:\Elektro\_Projekty\Radio Si4731-C40\_github\MicrochipStudio projekt - main\Si4731\ArduinoCore\Debug\libArduinoCore.a(SI4735.o)
                0x000057c2                _ZN6SI473525setFmBlendStereoThresholdEh
 .text._ZN6SI47359setVolumeEh
                0x000057ce       0x24 D:\Elektro\_Projekty\Radio Si4731-C40\_github\MicrochipStudio projekt - main\Si4731\ArduinoCore\Debug\libArduinoCore.a(SI4735.o)
                0x000057ce                _ZN6SI47359setVolumeEh
 .text._ZN6SI473512radioPowerUpEv
                0x000057f2       0xbc D:\Elektro\_Projekty\Radio Si4731-C40\_github\MicrochipStudio projekt - main\Si4731\ArduinoCore\Debug\libArduinoCore.a(SI4735.o)
                0x000057f2                _ZN6SI473512radioPowerUpEv
 .text._ZN6SI47355setupEhhhhhh
                0x000058ae       0xa2 D:\Elektro\_Projekty\Radio Si4731-C40\_github\MicrochipStudio projekt - main\Si4731\ArduinoCore\Debug\libArduinoCore.a(SI4735.o)
                0x000058ae                _ZN6SI47355setupEhhhhhh
 .text._ZN6SI47355setupEhh
                0x00005950       0x28 D:\Elektro\_Projekty\Radio Si4731-C40\_github\MicrochipStudio projekt - main\Si4731\ArduinoCore\Debug\libArduinoCore.a(SI4735.o)
                0x00005950                _ZN6SI47355setupEhh
 .text._ZN6SI47355setAMEv
                0x00005978       0x9e D:\Elektro\_Projekty\Radio Si4731-C40\_github\MicrochipStudio projekt - main\Si4731\ArduinoCore\Debug\libArduinoCore.a(SI4735.o)
                0x00005978                _ZN6SI47355setAMEv
 .text._ZN6SI47355setAMEjjjj
                0x00005a16       0x58 D:\Elektro\_Projekty\Radio Si4731-C40\_github\MicrochipStudio projekt - main\Si4731\ArduinoCore\Debug\libArduinoCore.a(SI4735.o)
                0x00005a16                _ZN6SI47355setAMEjjjj
 .text._ZN6SI47355setFMEv
                0x00005a6e       0x86 D:\Elektro\_Projekty\Radio Si4731-C40\_github\MicrochipStudio projekt - main\Si4731\ArduinoCore\Debug\libArduinoCore.a(SI4735.o)
                0x00005a6e                _ZN6SI47355setFMEv
 .text._ZN6SI47355setFMEjjjj
                0x00005af4       0x58 D:\Elektro\_Projekty\Radio Si4731-C40\_github\MicrochipStudio projekt - main\Si4731\ArduinoCore\Debug\libArduinoCore.a(SI4735.o)
                0x00005af4                _ZN6SI47355setFMEjjjj
 .text._ZN6SI473512setRdsConfigEhhhhh
                0x00005b4c       0xb4 D:\Elektro\_Projekty\Radio Si4731-C40\_github\MicrochipStudio projekt - main\Si4731\ArduinoCore\Debug\libArduinoCore.a(SI4735.o)
                0x00005b4c                _ZN6SI473512setRdsConfigEhhhhh
 .text._ZN6SI473512getRdsStatusEhhh
                0x00005c00      0x116 D:\Elektro\_Projekty\Radio Si4731-C40\_github\MicrochipStudio projekt - main\Si4731\ArduinoCore\Debug\libArduinoCore.a(SI4735.o)
                0x00005c00                _ZN6SI473512getRdsStatusEhhh
 .text._ZN5Print17availableForWriteEv
                0x00005d16        0x6 D:\Elektro\_Projekty\Radio Si4731-C40\_github\MicrochipStudio projekt - main\Si4731\ArduinoCore\Debug\libArduinoCore.a(Wire.o)
                0x00005d16                _ZN5Print17availableForWriteEv
 .text._ZN7TwoWire9availableEv
                0x00005d1c       0x10 D:\Elektro\_Projekty\Radio Si4731-C40\_github\MicrochipStudio projekt - main\Si4731\ArduinoCore\Debug\libArduinoCore.a(Wire.o)
                0x00005d1c                _ZN7TwoWire9availableEv
 .text._ZN7TwoWire4readEv
                0x00005d2c       0x28 D:\Elektro\_Projekty\Radio Si4731-C40\_github\MicrochipStudio projekt - main\Si4731\ArduinoCore\Debug\libArduinoCore.a(Wire.o)
                0x00005d2c                _ZN7TwoWire4readEv
 .text._ZN7TwoWire4peekEv
                0x00005d54       0x1e D:\Elektro\_Projekty\Radio Si4731-C40\_github\MicrochipStudio projekt - main\Si4731\ArduinoCore\Debug\libArduinoCore.a(Wire.o)
                0x00005d54                _ZN7TwoWire4peekEv
 .text._ZN7TwoWire5flushEv
                0x00005d72        0x2 D:\Elektro\_Projekty\Radio Si4731-C40\_github\MicrochipStudio projekt - main\Si4731\ArduinoCore\Debug\libArduinoCore.a(Wire.o)
                0x00005d72                _ZN7TwoWire5flushEv
 .text._ZN7TwoWire16onReceiveServiceEPhi
                0x00005d74       0x54 D:\Elektro\_Projekty\Radio Si4731-C40\_github\MicrochipStudio projekt - main\Si4731\ArduinoCore\Debug\libArduinoCore.a(Wire.o)
                0x00005d74                _ZN7TwoWire16onReceiveServiceEPhi
 .text._ZN7TwoWire16onRequestServiceEv
                0x00005dc8       0x18 D:\Elektro\_Projekty\Radio Si4731-C40\_github\MicrochipStudio projekt - main\Si4731\ArduinoCore\Debug\libArduinoCore.a(Wire.o)
                0x00005dc8                _ZN7TwoWire16onRequestServiceEv
 .text._ZN7TwoWire5writeEPKhj
                0x00005de0       0x5a D:\Elektro\_Projekty\Radio Si4731-C40\_github\MicrochipStudio projekt - main\Si4731\ArduinoCore\Debug\libArduinoCore.a(Wire.o)
                0x00005de0                _ZN7TwoWire5writeEPKhj
 .text._ZN7TwoWire5writeEh
                0x00005e3a       0x5e D:\Elektro\_Projekty\Radio Si4731-C40\_github\MicrochipStudio projekt - main\Si4731\ArduinoCore\Debug\libArduinoCore.a(Wire.o)
                0x00005e3a                _ZN7TwoWire5writeEh
 .text._ZN7TwoWireC2Ev
                0x00005e98       0x20 D:\Elektro\_Projekty\Radio Si4731-C40\_github\MicrochipStudio projekt - main\Si4731\ArduinoCore\Debug\libArduinoCore.a(Wire.o)
                0x00005e98                _ZN7TwoWireC1Ev
                0x00005e98                _ZN7TwoWireC2Ev
 .text._ZN7TwoWire5beginEv
                0x00005eb8       0x24 D:\Elektro\_Projekty\Radio Si4731-C40\_github\MicrochipStudio projekt - main\Si4731\ArduinoCore\Debug\libArduinoCore.a(Wire.o)
                0x00005eb8                _ZN7TwoWire5beginEv
 .text._ZN7TwoWire8setClockEm
                0x00005edc        0x8 D:\Elektro\_Projekty\Radio Si4731-C40\_github\MicrochipStudio projekt - main\Si4731\ArduinoCore\Debug\libArduinoCore.a(Wire.o)
                0x00005edc                _ZN7TwoWire8setClockEm
 .text._ZN7TwoWire17beginTransmissionEh
                0x00005ee4       0x14 D:\Elektro\_Projekty\Radio Si4731-C40\_github\MicrochipStudio projekt - main\Si4731\ArduinoCore\Debug\libArduinoCore.a(Wire.o)
                0x00005ee4                _ZN7TwoWire17beginTransmissionEh
 .text._ZN7TwoWire17beginTransmissionEi
                0x00005ef8        0x4 D:\Elektro\_Projekty\Radio Si4731-C40\_github\MicrochipStudio projekt - main\Si4731\ArduinoCore\Debug\libArduinoCore.a(Wire.o)
                0x00005ef8                _ZN7TwoWire17beginTransmissionEi
 .text._ZN7TwoWire15endTransmissionEh
                0x00005efc       0x26 D:\Elektro\_Projekty\Radio Si4731-C40\_github\MicrochipStudio projekt - main\Si4731\ArduinoCore\Debug\libArduinoCore.a(Wire.o)
                0x00005efc                _ZN7TwoWire15endTransmissionEh
 .text._ZN7TwoWire11requestFromEhhmhh
                0x00005f22       0xa8 D:\Elektro\_Projekty\Radio Si4731-C40\_github\MicrochipStudio projekt - main\Si4731\ArduinoCore\Debug\libArduinoCore.a(Wire.o)
                0x00005f22                _ZN7TwoWire11requestFromEhhmhh
 .text._ZN7TwoWire11requestFromEhhh
                0x00005fca       0x20 D:\Elektro\_Projekty\Radio Si4731-C40\_github\MicrochipStudio projekt - main\Si4731\ArduinoCore\Debug\libArduinoCore.a(Wire.o)
                0x00005fca                _ZN7TwoWire11requestFromEhhh
 .text._ZN7TwoWire11requestFromEii
                0x00005fea        0x6 D:\Elektro\_Projekty\Radio Si4731-C40\_github\MicrochipStudio projekt - main\Si4731\ArduinoCore\Debug\libArduinoCore.a(Wire.o)
                0x00005fea                _ZN7TwoWire11requestFromEii
 .text._ZN7TwoWire11requestFromEiii
                0x00005ff0        0x4 D:\Elektro\_Projekty\Radio Si4731-C40\_github\MicrochipStudio projekt - main\Si4731\ArduinoCore\Debug\libArduinoCore.a(Wire.o)
                0x00005ff0                _ZN7TwoWire11requestFromEiii
 .text._ZN7TwoWire15endTransmissionEv
                0x00005ff4        0x6 D:\Elektro\_Projekty\Radio Si4731-C40\_github\MicrochipStudio projekt - main\Si4731\ArduinoCore\Debug\libArduinoCore.a(Wire.o)
                0x00005ff4                _ZN7TwoWire15endTransmissionEv
 .text.startup._GLOBAL__sub_I__ZN7TwoWire8rxBufferE
                0x00005ffa        0x8 D:\Elektro\_Projekty\Radio Si4731-C40\_github\MicrochipStudio projekt - main\Si4731\ArduinoCore\Debug\libArduinoCore.a(Wire.o)
 .text.__empty  0x00006002        0x2 D:\Elektro\_Projekty\Radio Si4731-C40\_github\MicrochipStudio projekt - main\Si4731\ArduinoCore\Debug\libArduinoCore.a(hooks.o)
                0x00006002                yield
 .text.twi_init
                0x00006004       0x3c D:\Elektro\_Projekty\Radio Si4731-C40\_github\MicrochipStudio projekt - main\Si4731\ArduinoCore\Debug\libArduinoCore.a(twi.o)
                0x00006004                twi_init
 .text.twi_disable
                0x00006040       0x1a D:\Elektro\_Projekty\Radio Si4731-C40\_github\MicrochipStudio projekt - main\Si4731\ArduinoCore\Debug\libArduinoCore.a(twi.o)
                0x00006040                twi_disable
 .text.twi_setFrequency
                0x0000605a       0x28 D:\Elektro\_Projekty\Radio Si4731-C40\_github\MicrochipStudio projekt - main\Si4731\ArduinoCore\Debug\libArduinoCore.a(twi.o)
                0x0000605a                twi_setFrequency
 .text.twi_transmit
                0x00006082       0x50 D:\Elektro\_Projekty\Radio Si4731-C40\_github\MicrochipStudio projekt - main\Si4731\ArduinoCore\Debug\libArduinoCore.a(twi.o)
                0x00006082                twi_transmit
 .text.twi_attachSlaveRxEvent
                0x000060d2        0xa D:\Elektro\_Projekty\Radio Si4731-C40\_github\MicrochipStudio projekt - main\Si4731\ArduinoCore\Debug\libArduinoCore.a(twi.o)
                0x000060d2                twi_attachSlaveRxEvent
 .text.twi_attachSlaveTxEvent
                0x000060dc        0xa D:\Elektro\_Projekty\Radio Si4731-C40\_github\MicrochipStudio projekt - main\Si4731\ArduinoCore\Debug\libArduinoCore.a(twi.o)
                0x000060dc                twi_attachSlaveTxEvent
 .text.twi_releaseBus
                0x000060e6        0xc D:\Elektro\_Projekty\Radio Si4731-C40\_github\MicrochipStudio projekt - main\Si4731\ArduinoCore\Debug\libArduinoCore.a(twi.o)
                0x000060e6                twi_releaseBus
 .text.twi_handleTimeout
                0x000060f2       0x2c D:\Elektro\_Projekty\Radio Si4731-C40\_github\MicrochipStudio projekt - main\Si4731\ArduinoCore\Debug\libArduinoCore.a(twi.o)
                0x000060f2                twi_handleTimeout
 .text.twi_readFrom
                0x0000611e      0x1d2 D:\Elektro\_Projekty\Radio Si4731-C40\_github\MicrochipStudio projekt - main\Si4731\ArduinoCore\Debug\libArduinoCore.a(twi.o)
                0x0000611e                twi_readFrom
 .text.twi_writeTo
                0x000062f0      0x1e0 D:\Elektro\_Projekty\Radio Si4731-C40\_github\MicrochipStudio projekt - main\Si4731\ArduinoCore\Debug\libArduinoCore.a(twi.o)
                0x000062f0                twi_writeTo
 .text.twi_stop
                0x000064d0       0x70 D:\Elektro\_Projekty\Radio Si4731-C40\_github\MicrochipStudio projekt - main\Si4731\ArduinoCore\Debug\libArduinoCore.a(twi.o)
                0x000064d0                twi_stop
 .text.__vector_24
                0x00006540      0x25a D:\Elektro\_Projekty\Radio Si4731-C40\_github\MicrochipStudio projekt - main\Si4731\ArduinoCore\Debug\libArduinoCore.a(twi.o)
                0x00006540                __vector_24
 .text.libgcc.mul
                0x0000679a       0x20 c:/program files (x86)/atmel/studio/7.0/toolchain/avr8/avr8-gnu-toolchain/bin/../lib/gcc/avr/5.4.0/avr5\libgcc.a(_mulsi3.o)
                0x0000679a                __mulsi3
 .text.libgcc.div
                0x000067ba       0x18 c:/program files (x86)/atmel/studio/7.0/toolchain/avr8/avr8-gnu-toolchain/bin/../lib/gcc/avr/5.4.0/avr5\libgcc.a(_udivmodqi4.o)
                0x000067ba                __udivmodqi4
 .text.libgcc.div
                0x000067d2       0x28 c:/program files (x86)/atmel/studio/7.0/toolchain/avr8/avr8-gnu-toolchain/bin/../lib/gcc/avr/5.4.0/avr5\libgcc.a(_udivmodhi4.o)
                0x000067d2                __udivmodhi4
 .text.libgcc.div
                0x000067fa       0x28 c:/program files (x86)/atmel/studio/7.0/toolchain/avr8/avr8-gnu-toolchain/bin/../lib/gcc/avr/5.4.0/avr5\libgcc.a(_divmodhi4.o)
                0x000067fa                _div
                0x000067fa                __divmodhi4
 .text.libgcc.div
                0x00006822       0x44 c:/program files (x86)/atmel/studio/7.0/toolchain/avr8/avr8-gnu-toolchain/bin/../lib/gcc/avr/5.4.0/avr5\libgcc.a(_udivmodsi4.o)
                0x00006822                __udivmodsi4
 .text.libgcc.mul
                0x00006866       0x16 c:/program files (x86)/atmel/studio/7.0/toolchain/avr8/avr8-gnu-toolchain/bin/../lib/gcc/avr/5.4.0/avr5\libgcc.a(_muluhisi3.o)
                0x00006866                __muluhisi3
 .text.libgcc   0x0000687c        0xc c:/program files (x86)/atmel/studio/7.0/toolchain/avr8/avr8-gnu-toolchain/bin/../lib/gcc/avr/5.4.0/avr5\libgcc.a(_tablejump2.o)
                0x0000687c                __tablejump2__
 .text.libgcc.mul
                0x00006888       0x1e c:/program files (x86)/atmel/studio/7.0/toolchain/avr8/avr8-gnu-toolchain/bin/../lib/gcc/avr/5.4.0/avr5\libgcc.a(_umulhisi3.o)
                0x00006888                __umulhisi3
 .text.avr-libc
                0x000068a6       0x12 c:/program files (x86)/atmel/studio/7.0/toolchain/avr8/avr8-gnu-toolchain/bin/../lib/gcc/avr/5.4.0/../../../../avr/lib/avr5\libc.a(memcpy_P.o)
                0x000068a6                memcpy_P
 .text.avr-libc
                0x000068b8       0x1a c:/program files (x86)/atmel/studio/7.0/toolchain/avr8/avr8-gnu-toolchain/bin/../lib/gcc/avr/5.4.0/../../../../avr/lib/avr5\libc.a(memcmp.o)
                0x000068b8                memcmp
 .text.avr-libc
                0x000068d2       0x16 c:/program files (x86)/atmel/studio/7.0/toolchain/avr8/avr8-gnu-toolchain/bin/../lib/gcc/avr/5.4.0/../../../../avr/lib/avr5\libc.a(itoa_ncheck.o)
                0x000068d2                __itoa_ncheck
 .text.avr-libc
                0x000068e8       0x34 c:/program files (x86)/atmel/studio/7.0/toolchain/avr8/avr8-gnu-toolchain/bin/../lib/gcc/avr/5.4.0/../../../../avr/lib/avr5\libc.a(utoa_ncheck.o)
                0x000068e8                __utoa_ncheck
                0x000068ea                __utoa_common
 .text.avr-libc
                0x0000691c      0x3c2 c:/program files (x86)/atmel/studio/7.0/toolchain/avr8/avr8-gnu-toolchain/bin/../lib/gcc/avr/5.4.0/../../../../avr/lib/avr5\libc.a(vfprintf_std.o)
                0x0000691c                vfprintf
 .text.avr-libc
                0x00006cde       0x16 c:/program files (x86)/atmel/studio/7.0/toolchain/avr8/avr8-gnu-toolchain/bin/../lib/gcc/avr/5.4.0/../../../../avr/lib/avr5\libc.a(strnlen_P.o)
                0x00006cde                strnlen_P
 .text.avr-libc
                0x00006cf4       0x16 c:/program files (x86)/atmel/studio/7.0/toolchain/avr8/avr8-gnu-toolchain/bin/../lib/gcc/avr/5.4.0/../../../../avr/lib/avr5\libc.a(strnlen.o)
                0x00006cf4                strnlen
 .text.avr-libc
                0x00006d0a       0x20 c:/program files (x86)/atmel/studio/7.0/toolchain/avr8/avr8-gnu-toolchain/bin/../lib/gcc/avr/5.4.0/../../../../avr/lib/avr5\libc.a(strrev.o)
                0x00006d0a                strrev
 .text.avr-libc
                0x00006d2a       0x78 c:/program files (x86)/atmel/studio/7.0/toolchain/avr8/avr8-gnu-toolchain/bin/../lib/gcc/avr/5.4.0/../../../../avr/lib/avr5\libc.a(fputc.o)
                0x00006d2a                fputc
 .text.avr-libc
                0x00006da2       0xbc c:/program files (x86)/atmel/studio/7.0/toolchain/avr8/avr8-gnu-toolchain/bin/../lib/gcc/avr/5.4.0/../../../../avr/lib/avr5\libc.a(ultoa_invert.o)
                0x00006da2                __ultoa_invert
 .text.avr-libc
                0x00006e5e       0x20 C:/Program Files (x86)/Atmel/Studio/7.0/Packs/Atmel/ATmega_DFP/2.2.509/gcc/dev/atmega328/avr5\libatmega328.a(eerd_block.o)
                0x00006e5e                eeprom_read_block
                0x00006e62                eeprom_read_blraw
 .text.avr-libc
                0x00006e7e       0x20 C:/Program Files (x86)/Atmel/Studio/7.0/Packs/Atmel/ATmega_DFP/2.2.509/gcc/dev/atmega328/avr5\libatmega328.a(eeupd_block.o)
                0x00006e7e                eeprom_update_block
 .text.avr-libc
                0x00006e9e       0x24 C:/Program Files (x86)/Atmel/Studio/7.0/Packs/Atmel/ATmega_DFP/2.2.509/gcc/dev/atmega328/avr5\libatmega328.a(eeupd_byte.o)
                0x00006e9e                eeprom_update_byte
                0x00006ea0                eeprom_update_r18
 .text.avr-libc
                0x00006ec2       0x14 C:/Program Files (x86)/Atmel/Studio/7.0/Packs/Atmel/ATmega_DFP/2.2.509/gcc/dev/atmega328/avr5\libatmega328.a(eewr_block.o)
                0x00006ec2                eeprom_write_block
 .text.avr-libc
                0x00006ed6       0x1c C:/Program Files (x86)/Atmel/Studio/7.0/Packs/Atmel/ATmega_DFP/2.2.509/gcc/dev/atmega328/avr5\libatmega328.a(eewr_byte.o)
                0x00006ed6                eeprom_write_byte
                0x00006ed8                eeprom_write_r18
 .text.libgcc.prologue
                0x00006ef2       0x38 c:/program files (x86)/atmel/studio/7.0/toolchain/avr8/avr8-gnu-toolchain/bin/../lib/gcc/avr/5.4.0/avr5\libgcc.a(_prologue.o)
                0x00006ef2                __prologue_saves__
 .text.libgcc.prologue
                0x00006f2a       0x36 c:/program files (x86)/atmel/studio/7.0/toolchain/avr8/avr8-gnu-toolchain/bin/../lib/gcc/avr/5.4.0/avr5\libgcc.a(_epilogue.o)
                0x00006f2a                __epilogue_restores__
                0x00006f60                . = ALIGN (0x2)
 *(.fini9)
 .fini9         0x00006f60        0x0 c:/program files (x86)/atmel/studio/7.0/toolchain/avr8/avr8-gnu-toolchain/bin/../lib/gcc/avr/5.4.0/avr5\libgcc.a(_exit.o)
                0x00006f60                _exit
                0x00006f60                exit
 *(.fini9)
 *(.fini8)
 *(.fini8)
 *(.fini7)
 *(.fini7)
 *(.fini6)
 *(.fini6)
 *(.fini5)
 *(.fini5)
 *(.fini4)
 *(.fini4)
 *(.fini3)
 *(.fini3)
 *(.fini2)
 *(.fini2)
 *(.fini1)
 *(.fini1)
 *(.fini0)
 .fini0         0x00006f60        0x4 c:/program files (x86)/atmel/studio/7.0/toolchain/avr8/avr8-gnu-toolchain/bin/../lib/gcc/avr/5.4.0/avr5\libgcc.a(_exit.o)
 *(.fini0)
                0x00006f64                _etext = .

.data           0x00800100      0x33c load address 0x00006f64
                0x00800100                PROVIDE (__data_start, .)
 *(.data)
 *(.data*)
 .data._ZZ8irmp_ISRE17last_irmp_command
                0x00800100        0x2 irmp.o
 .data._ZZ8irmp_ISRE17last_irmp_address
                0x00800102        0x2 irmp.o
 .data._ZZ8irmp_ISRE20denon_repetition_len
                0x00800104        0x2 irmp.o
 .data.DISPLAY_ADDRESS
                0x00800106        0x2 Sketch.o
                0x00800106                DISPLAY_ADDRESS
 .data.TREBLEUP_ADDRESS
                0x00800108        0x2 Sketch.o
                0x00800108                TREBLEUP_ADDRESS
 .data.TREBLEDOWN_ADDRESS
                0x0080010a        0x2 Sketch.o
                0x0080010a                TREBLEDOWN_ADDRESS
 .data.BASSUP_ADDRESS
                0x0080010c        0x2 Sketch.o
                0x0080010c                BASSUP_ADDRESS
 .data.BASSDOWN_ADDRESS
                0x0080010e        0x2 Sketch.o
                0x0080010e                BASSDOWN_ADDRESS
 .data.VOLUMEUP_ADDRESS
                0x00800110        0x2 Sketch.o
                0x00800110                VOLUMEUP_ADDRESS
 .data.VOLUMEDOWN_ADDRESS
                0x00800112        0x2 Sketch.o
                0x00800112                VOLUMEDOWN_ADDRESS
 .data.FORCEMONO_ADDRESS
                0x00800114        0x2 Sketch.o
                0x00800114                FORCEMONO_ADDRESS
 .data.MONOSTEREO_ADDRESS
                0x00800116        0x2 Sketch.o
                0x00800116                MONOSTEREO_ADDRESS
 .data.PROGRAM_ADDRESS
                0x00800118        0x2 Sketch.o
                0x00800118                PROGRAM_ADDRESS
 .data.BAND_ADDRESS
                0x0080011a        0x2 Sketch.o
                0x0080011a                BAND_ADDRESS
 .data.STANDBY_ADDRESS
                0x0080011c        0x2 Sketch.o
                0x0080011c                STANDBY_ADDRESS
 .data.MUTE_ADDRESS
                0x0080011e        0x2 Sketch.o
                0x0080011e                MUTE_ADDRESS
 .data.F_ADDRESS
                0x00800120        0x2 Sketch.o
                0x00800120                F_ADDRESS
 .data.R_ADDRESS
                0x00800122        0x2 Sketch.o
                0x00800122                R_ADDRESS
 .data.PROGRAM19_FM_FREQ_ADDRESS
                0x00800124        0x2 Sketch.o
                0x00800124                PROGRAM19_FM_FREQ_ADDRESS
 .data.PROGRAM19_AM_FREQ_ADDRESS
                0x00800126        0x2 Sketch.o
                0x00800126                PROGRAM19_AM_FREQ_ADDRESS
 .data.PROGRAM19_ADDRESS
                0x00800128        0x2 Sketch.o
                0x00800128                PROGRAM19_ADDRESS
 .data.PROGRAM18_FM_FREQ_ADDRESS
                0x0080012a        0x2 Sketch.o
                0x0080012a                PROGRAM18_FM_FREQ_ADDRESS
 .data.PROGRAM18_AM_FREQ_ADDRESS
                0x0080012c        0x2 Sketch.o
                0x0080012c                PROGRAM18_AM_FREQ_ADDRESS
 .data.PROGRAM18_ADDRESS
                0x0080012e        0x2 Sketch.o
                0x0080012e                PROGRAM18_ADDRESS
 .data.PROGRAM17_FM_FREQ_ADDRESS
                0x00800130        0x2 Sketch.o
                0x00800130                PROGRAM17_FM_FREQ_ADDRESS
 .data.PROGRAM17_AM_FREQ_ADDRESS
                0x00800132        0x2 Sketch.o
                0x00800132                PROGRAM17_AM_FREQ_ADDRESS
 .data.PROGRAM17_ADDRESS
                0x00800134        0x2 Sketch.o
                0x00800134                PROGRAM17_ADDRESS
 .data.PROGRAM16_FM_FREQ_ADDRESS
                0x00800136        0x2 Sketch.o
                0x00800136                PROGRAM16_FM_FREQ_ADDRESS
 .data.PROGRAM16_AM_FREQ_ADDRESS
                0x00800138        0x2 Sketch.o
                0x00800138                PROGRAM16_AM_FREQ_ADDRESS
 .data.PROGRAM16_ADDRESS
                0x0080013a        0x2 Sketch.o
                0x0080013a                PROGRAM16_ADDRESS
 .data.PROGRAM15_FM_FREQ_ADDRESS
                0x0080013c        0x2 Sketch.o
                0x0080013c                PROGRAM15_FM_FREQ_ADDRESS
 .data.PROGRAM15_AM_FREQ_ADDRESS
                0x0080013e        0x2 Sketch.o
                0x0080013e                PROGRAM15_AM_FREQ_ADDRESS
 .data.PROGRAM15_ADDRESS
                0x00800140        0x2 Sketch.o
                0x00800140                PROGRAM15_ADDRESS
 .data.PROGRAM14_FM_FREQ_ADDRESS
                0x00800142        0x2 Sketch.o
                0x00800142                PROGRAM14_FM_FREQ_ADDRESS
 .data.PROGRAM14_AM_FREQ_ADDRESS
                0x00800144        0x2 Sketch.o
                0x00800144                PROGRAM14_AM_FREQ_ADDRESS
 .data.PROGRAM14_ADDRESS
                0x00800146        0x2 Sketch.o
                0x00800146                PROGRAM14_ADDRESS
 .data.PROGRAM13_FM_FREQ_ADDRESS
                0x00800148        0x2 Sketch.o
                0x00800148                PROGRAM13_FM_FREQ_ADDRESS
 .data.PROGRAM13_AM_FREQ_ADDRESS
                0x0080014a        0x2 Sketch.o
                0x0080014a                PROGRAM13_AM_FREQ_ADDRESS
 .data.PROGRAM13_ADDRESS
                0x0080014c        0x2 Sketch.o
                0x0080014c                PROGRAM13_ADDRESS
 .data.PROGRAM12_FM_FREQ_ADDRESS
                0x0080014e        0x2 Sketch.o
                0x0080014e                PROGRAM12_FM_FREQ_ADDRESS
 .data.PROGRAM12_AM_FREQ_ADDRESS
                0x00800150        0x2 Sketch.o
                0x00800150                PROGRAM12_AM_FREQ_ADDRESS
 .data.PROGRAM12_ADDRESS
                0x00800152        0x2 Sketch.o
                0x00800152                PROGRAM12_ADDRESS
 .data.PROGRAM11_FM_FREQ_ADDRESS
                0x00800154        0x2 Sketch.o
                0x00800154                PROGRAM11_FM_FREQ_ADDRESS
 .data.PROGRAM11_AM_FREQ_ADDRESS
                0x00800156        0x2 Sketch.o
                0x00800156                PROGRAM11_AM_FREQ_ADDRESS
 .data.PROGRAM11_ADDRESS
                0x00800158        0x2 Sketch.o
                0x00800158                PROGRAM11_ADDRESS
 .data.PROGRAM10_FM_FREQ_ADDRESS
                0x0080015a        0x2 Sketch.o
                0x0080015a                PROGRAM10_FM_FREQ_ADDRESS
 .data.PROGRAM10_AM_FREQ_ADDRESS
                0x0080015c        0x2 Sketch.o
                0x0080015c                PROGRAM10_AM_FREQ_ADDRESS
 .data.PROGRAM10_ADDRESS
                0x0080015e        0x2 Sketch.o
                0x0080015e                PROGRAM10_ADDRESS
 .data.PROGRAM9_FM_FREQ_ADDRESS
                0x00800160        0x2 Sketch.o
                0x00800160                PROGRAM9_FM_FREQ_ADDRESS
 .data.PROGRAM9_AM_FREQ_ADDRESS
                0x00800162        0x2 Sketch.o
                0x00800162                PROGRAM9_AM_FREQ_ADDRESS
 .data.PROGRAM9_ADDRESS
                0x00800164        0x2 Sketch.o
                0x00800164                PROGRAM9_ADDRESS
 .data.PROGRAM8_FM_FREQ_ADDRESS
                0x00800166        0x2 Sketch.o
                0x00800166                PROGRAM8_FM_FREQ_ADDRESS
 .data.PROGRAM8_AM_FREQ_ADDRESS
                0x00800168        0x2 Sketch.o
                0x00800168                PROGRAM8_AM_FREQ_ADDRESS
 .data.PROGRAM8_ADDRESS
                0x0080016a        0x2 Sketch.o
                0x0080016a                PROGRAM8_ADDRESS
 .data.PROGRAM7_FM_FREQ_ADDRESS
                0x0080016c        0x2 Sketch.o
                0x0080016c                PROGRAM7_FM_FREQ_ADDRESS
 .data.PROGRAM7_AM_FREQ_ADDRESS
                0x0080016e        0x2 Sketch.o
                0x0080016e                PROGRAM7_AM_FREQ_ADDRESS
 .data.PROGRAM7_ADDRESS
                0x00800170        0x2 Sketch.o
                0x00800170                PROGRAM7_ADDRESS
 .data.PROGRAM6_FM_FREQ_ADDRESS
                0x00800172        0x2 Sketch.o
                0x00800172                PROGRAM6_FM_FREQ_ADDRESS
 .data.PROGRAM6_AM_FREQ_ADDRESS
                0x00800174        0x2 Sketch.o
                0x00800174                PROGRAM6_AM_FREQ_ADDRESS
 .data.PROGRAM6_ADDRESS
                0x00800176        0x2 Sketch.o
                0x00800176                PROGRAM6_ADDRESS
 .data.PROGRAM5_FM_FREQ_ADDRESS
                0x00800178        0x2 Sketch.o
                0x00800178                PROGRAM5_FM_FREQ_ADDRESS
 .data.PROGRAM5_AM_FREQ_ADDRESS
                0x0080017a        0x2 Sketch.o
                0x0080017a                PROGRAM5_AM_FREQ_ADDRESS
 .data.PROGRAM5_ADDRESS
                0x0080017c        0x2 Sketch.o
                0x0080017c                PROGRAM5_ADDRESS
 .data.PROGRAM4_FM_FREQ_ADDRESS
                0x0080017e        0x2 Sketch.o
                0x0080017e                PROGRAM4_FM_FREQ_ADDRESS
 .data.PROGRAM4_AM_FREQ_ADDRESS
                0x00800180        0x2 Sketch.o
                0x00800180                PROGRAM4_AM_FREQ_ADDRESS
 .data.PROGRAM4_ADDRESS
                0x00800182        0x2 Sketch.o
                0x00800182                PROGRAM4_ADDRESS
 .data.PROGRAM3_FM_FREQ_ADDRESS
                0x00800184        0x2 Sketch.o
                0x00800184                PROGRAM3_FM_FREQ_ADDRESS
 .data.PROGRAM3_AM_FREQ_ADDRESS
                0x00800186        0x2 Sketch.o
                0x00800186                PROGRAM3_AM_FREQ_ADDRESS
 .data.PROGRAM3_ADDRESS
                0x00800188        0x2 Sketch.o
                0x00800188                PROGRAM3_ADDRESS
 .data.PROGRAM2_FM_FREQ_ADDRESS
                0x0080018a        0x2 Sketch.o
                0x0080018a                PROGRAM2_FM_FREQ_ADDRESS
 .data.PROGRAM2_AM_FREQ_ADDRESS
                0x0080018c        0x2 Sketch.o
                0x0080018c                PROGRAM2_AM_FREQ_ADDRESS
 .data.PROGRAM2_ADDRESS
                0x0080018e        0x2 Sketch.o
                0x0080018e                PROGRAM2_ADDRESS
 .data.PROGRAM1_FM_FREQ_ADDRESS
                0x00800190        0x2 Sketch.o
                0x00800190                PROGRAM1_FM_FREQ_ADDRESS
 .data.PROGRAM1_AM_FREQ_ADDRESS
                0x00800192        0x2 Sketch.o
                0x00800192                PROGRAM1_AM_FREQ_ADDRESS
 .data.PROGRAM1_ADDRESS
                0x00800194        0x2 Sketch.o
                0x00800194                PROGRAM1_ADDRESS
 .data.PROGRAM0_FM_FREQ_ADDRESS
                0x00800196        0x2 Sketch.o
                0x00800196                PROGRAM0_FM_FREQ_ADDRESS
 .data.PROGRAM0_AM_FREQ_ADDRESS
                0x00800198        0x2 Sketch.o
                0x00800198                PROGRAM0_AM_FREQ_ADDRESS
 .data.PROGRAM0_ADDRESS
                0x0080019a        0x2 Sketch.o
                0x0080019a                PROGRAM0_ADDRESS
 .data._ZL11lastFreqKhz
                0x0080019c        0x2 Sketch.o
 .data._ZL11lastFreqMhz
                0x0080019e        0x2 Sketch.o
 .data._ZL20oldDisplayedSpeIndex
                0x008001a0        0x1 Sketch.o
 .data._ZL6dtYear
                0x008001a1        0x2 Sketch.o
 .data._ZL7dtMonth
                0x008001a3        0x2 Sketch.o
 .data._ZL11dtDayInWeek
                0x008001a5        0x2 Sketch.o
 .data._ZL12dtDayInMonth
                0x008001a7        0x2 Sketch.o
 .data._ZL7dtHours
                0x008001a9        0x2 Sketch.o
 .data._ZL9dtMinutes
                0x008001ab        0x2 Sketch.o
 .data._ZL6volume
                0x008001ad        0x1 Sketch.o
 *(.gnu.linkonce.d*)
 *(.rodata)
 *(.rodata*)
 .rodata.str1.1
                0x008001ae      0x248 Sketch.o
 .rodata._ZL13speForStandby
                0x008003f6       0x26 Sketch.o
 .rodata._ZL8dayNames
                0x0080041c        0xe Sketch.o
 .rodata._ZTV7TwoWire
                0x0080042a       0x12 D:\Elektro\_Projekty\Radio Si4731-C40\_github\MicrochipStudio projekt - main\Si4731\ArduinoCore\Debug\libArduinoCore.a(Wire.o)
                0x0080042a                _ZTV7TwoWire
 *(.gnu.linkonce.r*)
                0x0080043c                . = ALIGN (0x2)
                0x0080043c                _edata = .
                0x0080043c                PROVIDE (__data_end, .)

.bss            0x0080043c      0x387
                0x0080043c                PROVIDE (__bss_start, .)
 *(.bss)
 *(.bss*)
 .bss._ZZ8irmp_ISRE23repetition_frame_number
                0x0080043c        0x1 irmp.o
 .bss._ZZ8irmp_ISRE10last_value
                0x0080043d        0x1 irmp.o
 .bss._ZZ8irmp_ISRE10last_pause
                0x0080043e        0x1 irmp.o
 .bss._ZZ8irmp_ISRE23last_irmp_denon_command
                0x0080043f        0x2 irmp.o
 .bss._ZZ8irmp_ISRE18key_repetition_len
                0x00800441        0x2 irmp.o
 .bss._ZZ8irmp_ISRE12rc5_cmd_bit6
                0x00800443        0x1 irmp.o
 .bss._ZZ8irmp_ISRE15irmp_pause_time
                0x00800444        0x1 irmp.o
 .bss._ZZ8irmp_ISRE14wait_for_space
                0x00800445        0x1 irmp.o
 .bss._ZZ8irmp_ISRE20wait_for_start_space
                0x00800446        0x1 irmp.o
 .bss._ZZ8irmp_ISRE15irmp_pulse_time
                0x00800447        0x1 irmp.o
 .bss._ZZ8irmp_ISRE23irmp_start_bit_detected
                0x00800448        0x1 irmp.o
 .bss._ZL6genre2
                0x00800449        0x1 irmp.o
 .bss._ZL9xor_check
                0x0080044a        0x6 irmp.o
 .bss._ZL11irmp_tmp_id
                0x00800450        0x2 irmp.o
 .bss._ZL17irmp_tmp_address2
                0x00800452        0x2 irmp.o
 .bss._ZL16irmp_tmp_command
                0x00800454        0x2 irmp.o
 .bss._ZL16irmp_tmp_address
                0x00800456        0x2 irmp.o
 .bss._ZL10irmp_flags
                0x00800458        0x1 irmp.o
 .bss._ZL7irmp_id
                0x00800459        0x2 irmp.o
 .bss._ZL12irmp_command
                0x0080045b        0x2 irmp.o
 .bss._ZL12irmp_address
                0x0080045d        0x2 irmp.o
 .bss._ZL13irmp_protocol
                0x0080045f        0x1 irmp.o
 .bss._ZL16irmp_ir_detected
                0x00800460        0x1 irmp.o
 .bss._ZL10irmp_param
                0x00800461       0x11 irmp.o
 .bss._ZL8irmp_bit
                0x00800472        0x1 irmp.o
 .bss._ZL9first_bit
                0x00800473        0x1 irmp.o
 .bss._ZL12irmp_display
                0x00800474        0x6 Sketch.o
 .bss._ZL13irmp_trebleup
                0x0080047a        0x6 Sketch.o
 .bss._ZL15irmp_trebledown
                0x00800480        0x6 Sketch.o
 .bss._ZL11irmp_bassup
                0x00800486        0x6 Sketch.o
 .bss._ZL13irmp_bassdown
                0x0080048c        0x6 Sketch.o
 .bss._ZL13irmp_volumeup
                0x00800492        0x6 Sketch.o
 .bss._ZL15irmp_volumedown
                0x00800498        0x6 Sketch.o
 .bss._ZL15irmp_monostereo
                0x0080049e        0x6 Sketch.o
 .bss._ZL12irmp_program
                0x008004a4        0x6 Sketch.o
 .bss._ZL9irmp_band
                0x008004aa        0x6 Sketch.o
 .bss._ZL12irmp_standby
                0x008004b0        0x6 Sketch.o
 .bss._ZL9irmp_mute
                0x008004b6        0x6 Sketch.o
 .bss._ZL6irmp_f
                0x008004bc        0x6 Sketch.o
 .bss._ZL6irmp_r
                0x008004c2        0x6 Sketch.o
 .bss._ZL15freqProgram19fm
                0x008004c8        0x2 Sketch.o
 .bss._ZL15freqProgram19am
                0x008004ca        0x2 Sketch.o
 .bss._ZL14irmp_program19
                0x008004cc        0x6 Sketch.o
 .bss._ZL15freqProgram18fm
                0x008004d2        0x2 Sketch.o
 .bss._ZL15freqProgram18am
                0x008004d4        0x2 Sketch.o
 .bss._ZL14irmp_program18
                0x008004d6        0x6 Sketch.o
 .bss._ZL15freqProgram17fm
                0x008004dc        0x2 Sketch.o
 .bss._ZL15freqProgram17am
                0x008004de        0x2 Sketch.o
 .bss._ZL14irmp_program17
                0x008004e0        0x6 Sketch.o
 .bss._ZL15freqProgram16fm
                0x008004e6        0x2 Sketch.o
 .bss._ZL15freqProgram16am
                0x008004e8        0x2 Sketch.o
 .bss._ZL14irmp_program16
                0x008004ea        0x6 Sketch.o
 .bss._ZL15freqProgram15fm
                0x008004f0        0x2 Sketch.o
 .bss._ZL15freqProgram15am
                0x008004f2        0x2 Sketch.o
 .bss._ZL14irmp_program15
                0x008004f4        0x6 Sketch.o
 .bss._ZL15freqProgram14fm
                0x008004fa        0x2 Sketch.o
 .bss._ZL15freqProgram14am
                0x008004fc        0x2 Sketch.o
 .bss._ZL14irmp_program14
                0x008004fe        0x6 Sketch.o
 .bss._ZL15freqProgram13fm
                0x00800504        0x2 Sketch.o
 .bss._ZL15freqProgram13am
                0x00800506        0x2 Sketch.o
 .bss._ZL14irmp_program13
                0x00800508        0x6 Sketch.o
 .bss._ZL15freqProgram12fm
                0x0080050e        0x2 Sketch.o
 .bss._ZL15freqProgram12am
                0x00800510        0x2 Sketch.o
 .bss._ZL14irmp_program12
                0x00800512        0x6 Sketch.o
 .bss._ZL15freqProgram11fm
                0x00800518        0x2 Sketch.o
 .bss._ZL15freqProgram11am
                0x0080051a        0x2 Sketch.o
 .bss._ZL14irmp_program11
                0x0080051c        0x6 Sketch.o
 .bss._ZL15freqProgram10fm
                0x00800522        0x2 Sketch.o
 .bss._ZL15freqProgram10am
                0x00800524        0x2 Sketch.o
 .bss._ZL14irmp_program10
                0x00800526        0x6 Sketch.o
 .bss._ZL14freqProgram9fm
                0x0080052c        0x2 Sketch.o
 .bss._ZL14freqProgram9am
                0x0080052e        0x2 Sketch.o
 .bss._ZL13irmp_program9
                0x00800530        0x6 Sketch.o
 .bss._ZL14freqProgram8fm
                0x00800536        0x2 Sketch.o
 .bss._ZL14freqProgram8am
                0x00800538        0x2 Sketch.o
 .bss._ZL13irmp_program8
                0x0080053a        0x6 Sketch.o
 .bss._ZL14freqProgram7fm
                0x00800540        0x2 Sketch.o
 .bss._ZL14freqProgram7am
                0x00800542        0x2 Sketch.o
 .bss._ZL13irmp_program7
                0x00800544        0x6 Sketch.o
 .bss._ZL14freqProgram6fm
                0x0080054a        0x2 Sketch.o
 .bss._ZL14freqProgram6am
                0x0080054c        0x2 Sketch.o
 .bss._ZL13irmp_program6
                0x0080054e        0x6 Sketch.o
 .bss._ZL14freqProgram5fm
                0x00800554        0x2 Sketch.o
 .bss._ZL14freqProgram5am
                0x00800556        0x2 Sketch.o
 .bss._ZL13irmp_program5
                0x00800558        0x6 Sketch.o
 .bss._ZL14freqProgram4fm
                0x0080055e        0x2 Sketch.o
 .bss._ZL14freqProgram4am
                0x00800560        0x2 Sketch.o
 .bss._ZL13irmp_program4
                0x00800562        0x6 Sketch.o
 .bss._ZL14freqProgram3fm
                0x00800568        0x2 Sketch.o
 .bss._ZL14freqProgram3am
                0x0080056a        0x2 Sketch.o
 .bss._ZL13irmp_program3
                0x0080056c        0x6 Sketch.o
 .bss._ZL14freqProgram2fm
                0x00800572        0x2 Sketch.o
 .bss._ZL14freqProgram2am
                0x00800574        0x2 Sketch.o
 .bss._ZL13irmp_program2
                0x00800576        0x6 Sketch.o
 .bss._ZL14freqProgram1fm
                0x0080057c        0x2 Sketch.o
 .bss._ZL14freqProgram1am
                0x0080057e        0x2 Sketch.o
 .bss._ZL13irmp_program1
                0x00800580        0x6 Sketch.o
 .bss._ZL14freqProgram0fm
                0x00800586        0x2 Sketch.o
 .bss._ZL14freqProgram0am
                0x00800588        0x2 Sketch.o
 .bss._ZL13irmp_program0
                0x0080058a        0x6 Sketch.o
 .bss._ZL27stereoAndTunedUpdateCounter
                0x00800590        0x2 Sketch.o
 .bss._ZL10trebleBass
                0x00800592        0x1 Sketch.o
 .bss._ZL18lastSettingsChange
                0x00800593        0x4 Sketch.o
 .bss._ZL27displayedSpeForStandbyIndex
                0x00800597        0x1 Sketch.o
 .bss._ZL15setupRTCCounter
                0x00800598        0x2 Sketch.o
 .bss._ZL13setupFinished
                0x0080059a        0x1 Sketch.o
 .bss._ZL16isTunedDisplayOn
                0x0080059b        0x1 Sketch.o
 .bss._ZL17isStereoDisplayOn
                0x0080059c        0x1 Sketch.o
 .bss._ZL9forceMono
                0x0080059d        0x1 Sketch.o
 .bss._ZL7isMuted
                0x0080059e        0x1 Sketch.o
 .bss._ZL14irLearningMode
                0x0080059f        0x1 Sketch.o
 .bss._ZL11specialMode
                0x008005a0        0x1 Sketch.o
 .bss._ZL9irmp_data
                0x008005a1        0x6 Sketch.o
 .bss._ZL16graDisplayMemory
                0x008005a7        0xe Sketch.o
 .bss._ZL21radioTextDelayCounter
                0x008005b5        0x1 Sketch.o
 .bss._ZL25initialScrollDelayCounter
                0x008005b6        0x1 Sketch.o
 .bss._ZL26radioTextScrollingEndIndex
                0x008005b7        0x1 Sketch.o
 .bss._ZL28radioTextScrollingStartIndex
                0x008005b8        0x1 Sketch.o
 .bss._ZL16displayRadioText
                0x008005b9        0x1 Sketch.o
 .bss._ZL20radioTextLostCounter
                0x008005ba        0x1 Sketch.o
 .bss._ZL16rdsSyncedFreshly
                0x008005bb        0x1 Sketch.o
 .bss._ZL7readRDS
                0x008005bc        0x1 Sketch.o
 .bss._ZL17completeRadioText
                0x008005bd       0x40 Sketch.o
 .bss._ZL19completeStationName
                0x008005fd        0x8 Sketch.o
 .bss._ZL11stationName
                0x00800605        0x2 Sketch.o
 .bss._ZL9radioText
                0x00800607        0x2 Sketch.o
 .bss._ZL21timer2OverflowCounter
                0x00800609        0x1 Sketch.o
 .bss._ZL11readFromRTC
                0x0080060a        0x1 Sketch.o
 .bss._ZL6si4735
                0x0080060b       0xe3 Sketch.o
 .bss.timer0_fract
                0x008006ee        0x1 D:\Elektro\_Projekty\Radio Si4731-C40\_github\MicrochipStudio projekt - main\Si4731\ArduinoCore\Debug\libArduinoCore.a(wiring.o)
 .bss.timer0_millis
                0x008006ef        0x4 D:\Elektro\_Projekty\Radio Si4731-C40\_github\MicrochipStudio projekt - main\Si4731\ArduinoCore\Debug\libArduinoCore.a(wiring.o)
                0x008006ef                timer0_millis
 .bss.timer0_overflow_count
                0x008006f3        0x4 D:\Elektro\_Projekty\Radio Si4731-C40\_github\MicrochipStudio projekt - main\Si4731\ArduinoCore\Debug\libArduinoCore.a(wiring.o)
                0x008006f3                timer0_overflow_count
 .bss._ZZN6SI473512getRdsStatusEhhhE8lastFreq
                0x008006f7        0x2 D:\Elektro\_Projekty\Radio Si4731-C40\_github\MicrochipStudio projekt - main\Si4731\ArduinoCore\Debug\libArduinoCore.a(SI4735.o)
 .bss.Wire      0x008006f9        0xc D:\Elektro\_Projekty\Radio Si4731-C40\_github\MicrochipStudio projekt - main\Si4731\ArduinoCore\Debug\libArduinoCore.a(Wire.o)
                0x008006f9                Wire
 .bss._ZN7TwoWire14user_onReceiveE
                0x00800705        0x2 D:\Elektro\_Projekty\Radio Si4731-C40\_github\MicrochipStudio projekt - main\Si4731\ArduinoCore\Debug\libArduinoCore.a(Wire.o)
                0x00800705                _ZN7TwoWire14user_onReceiveE
 .bss._ZN7TwoWire14user_onRequestE
                0x00800707        0x2 D:\Elektro\_Projekty\Radio Si4731-C40\_github\MicrochipStudio projekt - main\Si4731\ArduinoCore\Debug\libArduinoCore.a(Wire.o)
                0x00800707                _ZN7TwoWire14user_onRequestE
 .bss._ZN7TwoWire12transmittingE
                0x00800709        0x1 D:\Elektro\_Projekty\Radio Si4731-C40\_github\MicrochipStudio projekt - main\Si4731\ArduinoCore\Debug\libArduinoCore.a(Wire.o)
                0x00800709                _ZN7TwoWire12transmittingE
 .bss._ZN7TwoWire14txBufferLengthE
                0x0080070a        0x1 D:\Elektro\_Projekty\Radio Si4731-C40\_github\MicrochipStudio projekt - main\Si4731\ArduinoCore\Debug\libArduinoCore.a(Wire.o)
                0x0080070a                _ZN7TwoWire14txBufferLengthE
 .bss._ZN7TwoWire13txBufferIndexE
                0x0080070b        0x1 D:\Elektro\_Projekty\Radio Si4731-C40\_github\MicrochipStudio projekt - main\Si4731\ArduinoCore\Debug\libArduinoCore.a(Wire.o)
                0x0080070b                _ZN7TwoWire13txBufferIndexE
 .bss._ZN7TwoWire8txBufferE
                0x0080070c       0x20 D:\Elektro\_Projekty\Radio Si4731-C40\_github\MicrochipStudio projekt - main\Si4731\ArduinoCore\Debug\libArduinoCore.a(Wire.o)
                0x0080070c                _ZN7TwoWire8txBufferE
 .bss._ZN7TwoWire9txAddressE
                0x0080072c        0x1 D:\Elektro\_Projekty\Radio Si4731-C40\_github\MicrochipStudio projekt - main\Si4731\ArduinoCore\Debug\libArduinoCore.a(Wire.o)
                0x0080072c                _ZN7TwoWire9txAddressE
 .bss._ZN7TwoWire14rxBufferLengthE
                0x0080072d        0x1 D:\Elektro\_Projekty\Radio Si4731-C40\_github\MicrochipStudio projekt - main\Si4731\ArduinoCore\Debug\libArduinoCore.a(Wire.o)
                0x0080072d                _ZN7TwoWire14rxBufferLengthE
 .bss._ZN7TwoWire13rxBufferIndexE
                0x0080072e        0x1 D:\Elektro\_Projekty\Radio Si4731-C40\_github\MicrochipStudio projekt - main\Si4731\ArduinoCore\Debug\libArduinoCore.a(Wire.o)
                0x0080072e                _ZN7TwoWire13rxBufferIndexE
 .bss._ZN7TwoWire8rxBufferE
                0x0080072f       0x20 D:\Elektro\_Projekty\Radio Si4731-C40\_github\MicrochipStudio projekt - main\Si4731\ArduinoCore\Debug\libArduinoCore.a(Wire.o)
                0x0080072f                _ZN7TwoWire8rxBufferE
 .bss.twi_error
                0x0080074f        0x1 D:\Elektro\_Projekty\Radio Si4731-C40\_github\MicrochipStudio projekt - main\Si4731\ArduinoCore\Debug\libArduinoCore.a(twi.o)
 .bss.twi_rxBufferIndex
                0x00800750        0x1 D:\Elektro\_Projekty\Radio Si4731-C40\_github\MicrochipStudio projekt - main\Si4731\ArduinoCore\Debug\libArduinoCore.a(twi.o)
 .bss.twi_rxBuffer
                0x00800751       0x20 D:\Elektro\_Projekty\Radio Si4731-C40\_github\MicrochipStudio projekt - main\Si4731\ArduinoCore\Debug\libArduinoCore.a(twi.o)
 .bss.twi_txBufferLength
                0x00800771        0x1 D:\Elektro\_Projekty\Radio Si4731-C40\_github\MicrochipStudio projekt - main\Si4731\ArduinoCore\Debug\libArduinoCore.a(twi.o)
 .bss.twi_txBufferIndex
                0x00800772        0x1 D:\Elektro\_Projekty\Radio Si4731-C40\_github\MicrochipStudio projekt - main\Si4731\ArduinoCore\Debug\libArduinoCore.a(twi.o)
 .bss.twi_txBuffer
                0x00800773       0x20 D:\Elektro\_Projekty\Radio Si4731-C40\_github\MicrochipStudio projekt - main\Si4731\ArduinoCore\Debug\libArduinoCore.a(twi.o)
 .bss.twi_masterBufferLength
                0x00800793        0x1 D:\Elektro\_Projekty\Radio Si4731-C40\_github\MicrochipStudio projekt - main\Si4731\ArduinoCore\Debug\libArduinoCore.a(twi.o)
 .bss.twi_masterBufferIndex
                0x00800794        0x1 D:\Elektro\_Projekty\Radio Si4731-C40\_github\MicrochipStudio projekt - main\Si4731\ArduinoCore\Debug\libArduinoCore.a(twi.o)
 .bss.twi_masterBuffer
                0x00800795       0x20 D:\Elektro\_Projekty\Radio Si4731-C40\_github\MicrochipStudio projekt - main\Si4731\ArduinoCore\Debug\libArduinoCore.a(twi.o)
 .bss.twi_onSlaveReceive
                0x008007b5        0x2 D:\Elektro\_Projekty\Radio Si4731-C40\_github\MicrochipStudio projekt - main\Si4731\ArduinoCore\Debug\libArduinoCore.a(twi.o)
 .bss.twi_onSlaveTransmit
                0x008007b7        0x2 D:\Elektro\_Projekty\Radio Si4731-C40\_github\MicrochipStudio projekt - main\Si4731\ArduinoCore\Debug\libArduinoCore.a(twi.o)
 .bss.twi_do_reset_on_timeout
                0x008007b9        0x1 D:\Elektro\_Projekty\Radio Si4731-C40\_github\MicrochipStudio projekt - main\Si4731\ArduinoCore\Debug\libArduinoCore.a(twi.o)
 .bss.twi_timed_out_flag
                0x008007ba        0x1 D:\Elektro\_Projekty\Radio Si4731-C40\_github\MicrochipStudio projekt - main\Si4731\ArduinoCore\Debug\libArduinoCore.a(twi.o)
 .bss.twi_timeout_us
                0x008007bb        0x4 D:\Elektro\_Projekty\Radio Si4731-C40\_github\MicrochipStudio projekt - main\Si4731\ArduinoCore\Debug\libArduinoCore.a(twi.o)
 .bss.twi_inRepStart
                0x008007bf        0x1 D:\Elektro\_Projekty\Radio Si4731-C40\_github\MicrochipStudio projekt - main\Si4731\ArduinoCore\Debug\libArduinoCore.a(twi.o)
 .bss.twi_sendStop
                0x008007c0        0x1 D:\Elektro\_Projekty\Radio Si4731-C40\_github\MicrochipStudio projekt - main\Si4731\ArduinoCore\Debug\libArduinoCore.a(twi.o)
 .bss.twi_slarw
                0x008007c1        0x1 D:\Elektro\_Projekty\Radio Si4731-C40\_github\MicrochipStudio projekt - main\Si4731\ArduinoCore\Debug\libArduinoCore.a(twi.o)
 .bss.twi_state
                0x008007c2        0x1 D:\Elektro\_Projekty\Radio Si4731-C40\_github\MicrochipStudio projekt - main\Si4731\ArduinoCore\Debug\libArduinoCore.a(twi.o)
 *(COMMON)
                0x008007c3                PROVIDE (__bss_end, .)
                0x00006f64                __data_load_start = LOADADDR (.data)
                0x000072a0                __data_load_end = (__data_load_start + SIZEOF (.data))

.noinit         0x008007c3        0x0
                [!provide]                PROVIDE (__noinit_start, .)
 *(.noinit*)
                [!provide]                PROVIDE (__noinit_end, .)
                0x008007c3                _end = .
                0x008007c3                PROVIDE (__heap_start, .)

.eeprom         0x00810000        0x0
 *(.eeprom*)
                0x00810000                __eeprom_end = .

.fuse
 *(.fuse)
 *(.lfuse)
 *(.hfuse)
 *(.efuse)

.lock
 *(.lock*)

.signature
 *(.signature*)

.user_signatures
 *(.user_signatures*)

.stab
 *(.stab)

.stabstr
 *(.stabstr)

.stab.excl
 *(.stab.excl)

.stab.exclstr
 *(.stab.exclstr)

.stab.index
 *(.stab.index)

.stab.indexstr
 *(.stab.indexstr)

.comment        0x00000000       0x5c
 *(.comment)
 .comment       0x00000000       0x30 irmp.o
                                 0x31 (size before relaxing)
 .comment       0x00000030       0x31 Sketch.o
 .comment       0x00000030       0x31 D:\Elektro\_Projekty\Radio Si4731-C40\_github\MicrochipStudio projekt - main\Si4731\ArduinoCore\Debug\libArduinoCore.a(main.o)
 .comment       0x00000030       0x31 D:\Elektro\_Projekty\Radio Si4731-C40\_github\MicrochipStudio projekt - main\Si4731\ArduinoCore\Debug\libArduinoCore.a(Stream.o)
 .comment       0x00000030       0x31 D:\Elektro\_Projekty\Radio Si4731-C40\_github\MicrochipStudio projekt - main\Si4731\ArduinoCore\Debug\libArduinoCore.a(wiring.o)
 .comment       0x00000030       0x31 D:\Elektro\_Projekty\Radio Si4731-C40\_github\MicrochipStudio projekt - main\Si4731\ArduinoCore\Debug\libArduinoCore.a(wiring_digital.o)
 .comment       0x00000030       0x31 D:\Elektro\_Projekty\Radio Si4731-C40\_github\MicrochipStudio projekt - main\Si4731\ArduinoCore\Debug\libArduinoCore.a(SI4735.o)
 .comment       0x00000030       0x31 D:\Elektro\_Projekty\Radio Si4731-C40\_github\MicrochipStudio projekt - main\Si4731\ArduinoCore\Debug\libArduinoCore.a(Wire.o)
 .comment       0x00000030       0x31 D:\Elektro\_Projekty\Radio Si4731-C40\_github\MicrochipStudio projekt - main\Si4731\ArduinoCore\Debug\libArduinoCore.a(hooks.o)
 .comment       0x00000030       0x31 D:\Elektro\_Projekty\Radio Si4731-C40\_github\MicrochipStudio projekt - main\Si4731\ArduinoCore\Debug\libArduinoCore.a(twi.o)
 .comment       0x00000030       0x2c c:/program files (x86)/atmel/studio/7.0/toolchain/avr8/avr8-gnu-toolchain/bin/../lib/gcc/avr/5.4.0/../../../../avr/lib/avr5\libc.a(vfprintf_std.o)
                                 0x2d (size before relaxing)
 .comment       0x0000005c       0x31 c:/program files (x86)/atmel/studio/7.0/toolchain/avr8/avr8-gnu-toolchain/bin/../lib/gcc/avr/5.4.0/../../../../avr/lib/avr5\libc.a(fputc.o)

.note.gnu.avr.deviceinfo
                0x00000000       0x3c
 .note.gnu.avr.deviceinfo
                0x00000000       0x3c C:/Program Files (x86)/Atmel/Studio/7.0/Packs/Atmel/ATmega_DFP/2.2.509/gcc/dev/atmega328/avr5/crtatmega328.o

.note.gnu.build-id
 *(.note.gnu.build-id)

.debug
 *(.debug)

.line
 *(.line)

.debug_srcinfo
 *(.debug_srcinfo)

.debug_sfnames
 *(.debug_sfnames)

.debug_aranges  0x00000000      0x8f0
 *(.debug_aranges)
 .debug_aranges
                0x00000000       0x38 irmp.o
 .debug_aranges
                0x00000038      0x130 Sketch.o
 .debug_aranges
                0x00000168       0x30 D:\Elektro\_Projekty\Radio Si4731-C40\_github\MicrochipStudio projekt - main\Si4731\ArduinoCore\Debug\libArduinoCore.a(main.o)
 .debug_aranges
                0x00000198       0x98 D:\Elektro\_Projekty\Radio Si4731-C40\_github\MicrochipStudio projekt - main\Si4731\ArduinoCore\Debug\libArduinoCore.a(Stream.o)
 .debug_aranges
                0x00000230       0x48 D:\Elektro\_Projekty\Radio Si4731-C40\_github\MicrochipStudio projekt - main\Si4731\ArduinoCore\Debug\libArduinoCore.a(wiring.o)
 .debug_aranges
                0x00000278       0x38 D:\Elektro\_Projekty\Radio Si4731-C40\_github\MicrochipStudio projekt - main\Si4731\ArduinoCore\Debug\libArduinoCore.a(wiring_digital.o)
 .debug_aranges
                0x000002b0      0x3d8 D:\Elektro\_Projekty\Radio Si4731-C40\_github\MicrochipStudio projekt - main\Si4731\ArduinoCore\Debug\libArduinoCore.a(SI4735.o)
 .debug_aranges
                0x00000688      0x110 D:\Elektro\_Projekty\Radio Si4731-C40\_github\MicrochipStudio projekt - main\Si4731\ArduinoCore\Debug\libArduinoCore.a(Wire.o)
 .debug_aranges
                0x00000798       0x20 D:\Elektro\_Projekty\Radio Si4731-C40\_github\MicrochipStudio projekt - main\Si4731\ArduinoCore\Debug\libArduinoCore.a(hooks.o)
 .debug_aranges
                0x000007b8       0x98 D:\Elektro\_Projekty\Radio Si4731-C40\_github\MicrochipStudio projekt - main\Si4731\ArduinoCore\Debug\libArduinoCore.a(twi.o)
 .debug_aranges
                0x00000850       0x20 C:/Program Files (x86)/Atmel/Studio/7.0/Packs/Atmel/ATmega_DFP/2.2.509/gcc/dev/atmega328/avr5\libatmega328.a(eerd_block.o)
 .debug_aranges
                0x00000870       0x20 C:/Program Files (x86)/Atmel/Studio/7.0/Packs/Atmel/ATmega_DFP/2.2.509/gcc/dev/atmega328/avr5\libatmega328.a(eeupd_block.o)
 .debug_aranges
                0x00000890       0x20 C:/Program Files (x86)/Atmel/Studio/7.0/Packs/Atmel/ATmega_DFP/2.2.509/gcc/dev/atmega328/avr5\libatmega328.a(eeupd_byte.o)
 .debug_aranges
                0x000008b0       0x20 C:/Program Files (x86)/Atmel/Studio/7.0/Packs/Atmel/ATmega_DFP/2.2.509/gcc/dev/atmega328/avr5\libatmega328.a(eewr_block.o)
 .debug_aranges
                0x000008d0       0x20 C:/Program Files (x86)/Atmel/Studio/7.0/Packs/Atmel/ATmega_DFP/2.2.509/gcc/dev/atmega328/avr5\libatmega328.a(eewr_byte.o)

.debug_pubnames
 *(.debug_pubnames)

.debug_info     0x00000000    0x1aa19
 *(.debug_info .gnu.linkonce.wi.*)
 .debug_info    0x00000000      0x5f4 C:/Program Files (x86)/Atmel/Studio/7.0/Packs/Atmel/ATmega_DFP/2.2.509/gcc/dev/atmega328/avr5/crtatmega328.o
 .debug_info    0x000005f4      0x6de irmp.o
 .debug_info    0x00000cd2     0xac62 Sketch.o
 .debug_info    0x0000b934      0x237 D:\Elektro\_Projekty\Radio Si4731-C40\_github\MicrochipStudio projekt - main\Si4731\ArduinoCore\Debug\libArduinoCore.a(main.o)
 .debug_info    0x0000bb6b     0x2157 D:\Elektro\_Projekty\Radio Si4731-C40\_github\MicrochipStudio projekt - main\Si4731\ArduinoCore\Debug\libArduinoCore.a(Stream.o)
 .debug_info    0x0000dcc2      0x2cb D:\Elektro\_Projekty\Radio Si4731-C40\_github\MicrochipStudio projekt - main\Si4731\ArduinoCore\Debug\libArduinoCore.a(wiring.o)
 .debug_info    0x0000df8d      0x5fe D:\Elektro\_Projekty\Radio Si4731-C40\_github\MicrochipStudio projekt - main\Si4731\ArduinoCore\Debug\libArduinoCore.a(wiring_digital.o)
 .debug_info    0x0000e58b     0x8f2b D:\Elektro\_Projekty\Radio Si4731-C40\_github\MicrochipStudio projekt - main\Si4731\ArduinoCore\Debug\libArduinoCore.a(SI4735.o)
 .debug_info    0x000174b6     0x2910 D:\Elektro\_Projekty\Radio Si4731-C40\_github\MicrochipStudio projekt - main\Si4731\ArduinoCore\Debug\libArduinoCore.a(Wire.o)
 .debug_info    0x00019dc6       0x3e D:\Elektro\_Projekty\Radio Si4731-C40\_github\MicrochipStudio projekt - main\Si4731\ArduinoCore\Debug\libArduinoCore.a(hooks.o)
 .debug_info    0x00019e04      0x8dc D:\Elektro\_Projekty\Radio Si4731-C40\_github\MicrochipStudio projekt - main\Si4731\ArduinoCore\Debug\libArduinoCore.a(twi.o)
 .debug_info    0x0001a6e0       0xa5 C:/Program Files (x86)/Atmel/Studio/7.0/Packs/Atmel/ATmega_DFP/2.2.509/gcc/dev/atmega328/avr5\libatmega328.a(eerd_block.o)
 .debug_info    0x0001a785       0xa6 C:/Program Files (x86)/Atmel/Studio/7.0/Packs/Atmel/ATmega_DFP/2.2.509/gcc/dev/atmega328/avr5\libatmega328.a(eeupd_block.o)
 .debug_info    0x0001a82b       0xa5 C:/Program Files (x86)/Atmel/Studio/7.0/Packs/Atmel/ATmega_DFP/2.2.509/gcc/dev/atmega328/avr5\libatmega328.a(eeupd_byte.o)
 .debug_info    0x0001a8d0       0xa5 C:/Program Files (x86)/Atmel/Studio/7.0/Packs/Atmel/ATmega_DFP/2.2.509/gcc/dev/atmega328/avr5\libatmega328.a(eewr_block.o)
 .debug_info    0x0001a975       0xa4 C:/Program Files (x86)/Atmel/Studio/7.0/Packs/Atmel/ATmega_DFP/2.2.509/gcc/dev/atmega328/avr5\libatmega328.a(eewr_byte.o)

.debug_abbrev   0x00000000     0x25df
 *(.debug_abbrev)
 .debug_abbrev  0x00000000      0x5a2 C:/Program Files (x86)/Atmel/Studio/7.0/Packs/Atmel/ATmega_DFP/2.2.509/gcc/dev/atmega328/avr5/crtatmega328.o
 .debug_abbrev  0x000005a2      0x1a9 irmp.o
 .debug_abbrev  0x0000074b      0x7d9 Sketch.o
 .debug_abbrev  0x00000f24      0x12d D:\Elektro\_Projekty\Radio Si4731-C40\_github\MicrochipStudio projekt - main\Si4731\ArduinoCore\Debug\libArduinoCore.a(main.o)
 .debug_abbrev  0x00001051      0x478 D:\Elektro\_Projekty\Radio Si4731-C40\_github\MicrochipStudio projekt - main\Si4731\ArduinoCore\Debug\libArduinoCore.a(Stream.o)
 .debug_abbrev  0x000014c9      0x146 D:\Elektro\_Projekty\Radio Si4731-C40\_github\MicrochipStudio projekt - main\Si4731\ArduinoCore\Debug\libArduinoCore.a(wiring.o)
 .debug_abbrev  0x0000160f      0x15b D:\Elektro\_Projekty\Radio Si4731-C40\_github\MicrochipStudio projekt - main\Si4731\ArduinoCore\Debug\libArduinoCore.a(wiring_digital.o)
 .debug_abbrev  0x0000176a      0x592 D:\Elektro\_Projekty\Radio Si4731-C40\_github\MicrochipStudio projekt - main\Si4731\ArduinoCore\Debug\libArduinoCore.a(SI4735.o)
 .debug_abbrev  0x00001cfc      0x563 D:\Elektro\_Projekty\Radio Si4731-C40\_github\MicrochipStudio projekt - main\Si4731\ArduinoCore\Debug\libArduinoCore.a(Wire.o)
 .debug_abbrev  0x0000225f       0x2a D:\Elektro\_Projekty\Radio Si4731-C40\_github\MicrochipStudio projekt - main\Si4731\ArduinoCore\Debug\libArduinoCore.a(hooks.o)
 .debug_abbrev  0x00002289      0x2f2 D:\Elektro\_Projekty\Radio Si4731-C40\_github\MicrochipStudio projekt - main\Si4731\ArduinoCore\Debug\libArduinoCore.a(twi.o)
 .debug_abbrev  0x0000257b       0x14 C:/Program Files (x86)/Atmel/Studio/7.0/Packs/Atmel/ATmega_DFP/2.2.509/gcc/dev/atmega328/avr5\libatmega328.a(eerd_block.o)
 .debug_abbrev  0x0000258f       0x14 C:/Program Files (x86)/Atmel/Studio/7.0/Packs/Atmel/ATmega_DFP/2.2.509/gcc/dev/atmega328/avr5\libatmega328.a(eeupd_block.o)
 .debug_abbrev  0x000025a3       0x14 C:/Program Files (x86)/Atmel/Studio/7.0/Packs/Atmel/ATmega_DFP/2.2.509/gcc/dev/atmega328/avr5\libatmega328.a(eeupd_byte.o)
 .debug_abbrev  0x000025b7       0x14 C:/Program Files (x86)/Atmel/Studio/7.0/Packs/Atmel/ATmega_DFP/2.2.509/gcc/dev/atmega328/avr5\libatmega328.a(eewr_block.o)
 .debug_abbrev  0x000025cb       0x14 C:/Program Files (x86)/Atmel/Studio/7.0/Packs/Atmel/ATmega_DFP/2.2.509/gcc/dev/atmega328/avr5\libatmega328.a(eewr_byte.o)

.debug_line     0x00000000     0x79a3
 *(.debug_line .debug_line.* .debug_line_end)
 .debug_line    0x00000000      0x134 C:/Program Files (x86)/Atmel/Studio/7.0/Packs/Atmel/ATmega_DFP/2.2.509/gcc/dev/atmega328/avr5/crtatmega328.o
 .debug_line    0x00000134      0xce5 irmp.o
 .debug_line    0x00000e19     0x2831 Sketch.o
 .debug_line    0x0000364a      0x17a D:\Elektro\_Projekty\Radio Si4731-C40\_github\MicrochipStudio projekt - main\Si4731\ArduinoCore\Debug\libArduinoCore.a(main.o)
 .debug_line    0x000037c4      0x60c D:\Elektro\_Projekty\Radio Si4731-C40\_github\MicrochipStudio projekt - main\Si4731\ArduinoCore\Debug\libArduinoCore.a(Stream.o)
 .debug_line    0x00003dd0      0x2ae D:\Elektro\_Projekty\Radio Si4731-C40\_github\MicrochipStudio projekt - main\Si4731\ArduinoCore\Debug\libArduinoCore.a(wiring.o)
 .debug_line    0x0000407e      0x267 D:\Elektro\_Projekty\Radio Si4731-C40\_github\MicrochipStudio projekt - main\Si4731\ArduinoCore\Debug\libArduinoCore.a(wiring_digital.o)
 .debug_line    0x000042e5     0x2652 D:\Elektro\_Projekty\Radio Si4731-C40\_github\MicrochipStudio projekt - main\Si4731\ArduinoCore\Debug\libArduinoCore.a(SI4735.o)
 .debug_line    0x00006937      0x637 D:\Elektro\_Projekty\Radio Si4731-C40\_github\MicrochipStudio projekt - main\Si4731\ArduinoCore\Debug\libArduinoCore.a(Wire.o)
 .debug_line    0x00006f6e       0x41 D:\Elektro\_Projekty\Radio Si4731-C40\_github\MicrochipStudio projekt - main\Si4731\ArduinoCore\Debug\libArduinoCore.a(hooks.o)
 .debug_line    0x00006faf      0x6d0 D:\Elektro\_Projekty\Radio Si4731-C40\_github\MicrochipStudio projekt - main\Si4731\ArduinoCore\Debug\libArduinoCore.a(twi.o)
 .debug_line    0x0000767f       0xab C:/Program Files (x86)/Atmel/Studio/7.0/Packs/Atmel/ATmega_DFP/2.2.509/gcc/dev/atmega328/avr5\libatmega328.a(eerd_block.o)
 .debug_line    0x0000772a       0xa5 C:/Program Files (x86)/Atmel/Studio/7.0/Packs/Atmel/ATmega_DFP/2.2.509/gcc/dev/atmega328/avr5\libatmega328.a(eeupd_block.o)
 .debug_line    0x000077cf       0xb6 C:/Program Files (x86)/Atmel/Studio/7.0/Packs/Atmel/ATmega_DFP/2.2.509/gcc/dev/atmega328/avr5\libatmega328.a(eeupd_byte.o)
 .debug_line    0x00007885       0x80 C:/Program Files (x86)/Atmel/Studio/7.0/Packs/Atmel/ATmega_DFP/2.2.509/gcc/dev/atmega328/avr5\libatmega328.a(eewr_block.o)
 .debug_line    0x00007905       0x9e C:/Program Files (x86)/Atmel/Studio/7.0/Packs/Atmel/ATmega_DFP/2.2.509/gcc/dev/atmega328/avr5\libatmega328.a(eewr_byte.o)

.debug_frame    0x00000000     0x1f54
 *(.debug_frame)
 .debug_frame   0x00000000       0x60 irmp.o
 .debug_frame   0x00000060      0x430 Sketch.o
 .debug_frame   0x00000490       0x54 D:\Elektro\_Projekty\Radio Si4731-C40\_github\MicrochipStudio projekt - main\Si4731\ArduinoCore\Debug\libArduinoCore.a(main.o)
 .debug_frame   0x000004e4      0x2e4 D:\Elektro\_Projekty\Radio Si4731-C40\_github\MicrochipStudio projekt - main\Si4731\ArduinoCore\Debug\libArduinoCore.a(Stream.o)
 .debug_frame   0x000007c8       0xc4 D:\Elektro\_Projekty\Radio Si4731-C40\_github\MicrochipStudio projekt - main\Si4731\ArduinoCore\Debug\libArduinoCore.a(wiring.o)
 .debug_frame   0x0000088c       0x7c D:\Elektro\_Projekty\Radio Si4731-C40\_github\MicrochipStudio projekt - main\Si4731\ArduinoCore\Debug\libArduinoCore.a(wiring_digital.o)
 .debug_frame   0x00000908     0x1170 D:\Elektro\_Projekty\Radio Si4731-C40\_github\MicrochipStudio projekt - main\Si4731\ArduinoCore\Debug\libArduinoCore.a(SI4735.o)
 .debug_frame   0x00001a78      0x2b0 D:\Elektro\_Projekty\Radio Si4731-C40\_github\MicrochipStudio projekt - main\Si4731\ArduinoCore\Debug\libArduinoCore.a(Wire.o)
 .debug_frame   0x00001d28       0x24 D:\Elektro\_Projekty\Radio Si4731-C40\_github\MicrochipStudio projekt - main\Si4731\ArduinoCore\Debug\libArduinoCore.a(hooks.o)
 .debug_frame   0x00001d4c      0x208 D:\Elektro\_Projekty\Radio Si4731-C40\_github\MicrochipStudio projekt - main\Si4731\ArduinoCore\Debug\libArduinoCore.a(twi.o)

.debug_str      0x00000000     0x6ef3
 *(.debug_str)
 .debug_str     0x00000000      0x208 C:/Program Files (x86)/Atmel/Studio/7.0/Packs/Atmel/ATmega_DFP/2.2.509/gcc/dev/atmega328/avr5/crtatmega328.o
 .debug_str     0x00000208      0x5a7 irmp.o
                                0x638 (size before relaxing)
 .debug_str     0x000007af     0x55e0 Sketch.o
                               0x5a3d (size before relaxing)
 .debug_str     0x00005d8f       0xc0 D:\Elektro\_Projekty\Radio Si4731-C40\_github\MicrochipStudio projekt - main\Si4731\ArduinoCore\Debug\libArduinoCore.a(main.o)
                                0x2c5 (size before relaxing)
 .debug_str     0x00005e4f       0x97 D:\Elektro\_Projekty\Radio Si4731-C40\_github\MicrochipStudio projekt - main\Si4731\ArduinoCore\Debug\libArduinoCore.a(Stream.o)
                               0x1277 (size before relaxing)
 .debug_str     0x00005ee6      0x141 D:\Elektro\_Projekty\Radio Si4731-C40\_github\MicrochipStudio projekt - main\Si4731\ArduinoCore\Debug\libArduinoCore.a(wiring.o)
                                0x25b (size before relaxing)
 .debug_str     0x00006027       0xc8 D:\Elektro\_Projekty\Radio Si4731-C40\_github\MicrochipStudio projekt - main\Si4731\ArduinoCore\Debug\libArduinoCore.a(wiring_digital.o)
                                0x2c0 (size before relaxing)
 .debug_str     0x000060ef      0x58e D:\Elektro\_Projekty\Radio Si4731-C40\_github\MicrochipStudio projekt - main\Si4731\ArduinoCore\Debug\libArduinoCore.a(SI4735.o)
                               0x3fbd (size before relaxing)
 .debug_str     0x0000667d      0x61a D:\Elektro\_Projekty\Radio Si4731-C40\_github\MicrochipStudio projekt - main\Si4731\ArduinoCore\Debug\libArduinoCore.a(Wire.o)
                               0x19b6 (size before relaxing)
 .debug_str     0x00006c97       0x73 D:\Elektro\_Projekty\Radio Si4731-C40\_github\MicrochipStudio projekt - main\Si4731\ArduinoCore\Debug\libArduinoCore.a(hooks.o)
                                0x141 (size before relaxing)
 .debug_str     0x00006d0a      0x1e9 D:\Elektro\_Projekty\Radio Si4731-C40\_github\MicrochipStudio projekt - main\Si4731\ArduinoCore\Debug\libArduinoCore.a(twi.o)
                                0x50a (size before relaxing)

.debug_loc      0x00000000     0xb84e
 *(.debug_loc)
 .debug_loc     0x00000000      0x3e3 irmp.o
 .debug_loc     0x000003e3     0x1a12 Sketch.o
 .debug_loc     0x00001df5     0x143b D:\Elektro\_Projekty\Radio Si4731-C40\_github\MicrochipStudio projekt - main\Si4731\ArduinoCore\Debug\libArduinoCore.a(Stream.o)
 .debug_loc     0x00003230      0x28d D:\Elektro\_Projekty\Radio Si4731-C40\_github\MicrochipStudio projekt - main\Si4731\ArduinoCore\Debug\libArduinoCore.a(wiring.o)
 .debug_loc     0x000034bd      0x5fc D:\Elektro\_Projekty\Radio Si4731-C40\_github\MicrochipStudio projekt - main\Si4731\ArduinoCore\Debug\libArduinoCore.a(wiring_digital.o)
 .debug_loc     0x00003ab9     0x685b D:\Elektro\_Projekty\Radio Si4731-C40\_github\MicrochipStudio projekt - main\Si4731\ArduinoCore\Debug\libArduinoCore.a(SI4735.o)
 .debug_loc     0x0000a314      0xcbb D:\Elektro\_Projekty\Radio Si4731-C40\_github\MicrochipStudio projekt - main\Si4731\ArduinoCore\Debug\libArduinoCore.a(Wire.o)
 .debug_loc     0x0000afcf      0x87f D:\Elektro\_Projekty\Radio Si4731-C40\_github\MicrochipStudio projekt - main\Si4731\ArduinoCore\Debug\libArduinoCore.a(twi.o)

.debug_macinfo
 *(.debug_macinfo)

.debug_weaknames
 *(.debug_weaknames)

.debug_funcnames
 *(.debug_funcnames)

.debug_typenames
 *(.debug_typenames)

.debug_varnames
 *(.debug_varnames)

.debug_pubtypes
 *(.debug_pubtypes)

.debug_ranges   0x00000000      0x970
 *(.debug_ranges)
 .debug_ranges  0x00000000       0x60 irmp.o
 .debug_ranges  0x00000060      0x1f8 Sketch.o
 .debug_ranges  0x00000258       0x20 D:\Elektro\_Projekty\Radio Si4731-C40\_github\MicrochipStudio projekt - main\Si4731\ArduinoCore\Debug\libArduinoCore.a(main.o)
 .debug_ranges  0x00000278       0xd0 D:\Elektro\_Projekty\Radio Si4731-C40\_github\MicrochipStudio projekt - main\Si4731\ArduinoCore\Debug\libArduinoCore.a(Stream.o)
 .debug_ranges  0x00000348       0x38 D:\Elektro\_Projekty\Radio Si4731-C40\_github\MicrochipStudio projekt - main\Si4731\ArduinoCore\Debug\libArduinoCore.a(wiring.o)
 .debug_ranges  0x00000380       0x28 D:\Elektro\_Projekty\Radio Si4731-C40\_github\MicrochipStudio projekt - main\Si4731\ArduinoCore\Debug\libArduinoCore.a(wiring_digital.o)
 .debug_ranges  0x000003a8      0x430 D:\Elektro\_Projekty\Radio Si4731-C40\_github\MicrochipStudio projekt - main\Si4731\ArduinoCore\Debug\libArduinoCore.a(SI4735.o)
 .debug_ranges  0x000007d8      0x100 D:\Elektro\_Projekty\Radio Si4731-C40\_github\MicrochipStudio projekt - main\Si4731\ArduinoCore\Debug\libArduinoCore.a(Wire.o)
 .debug_ranges  0x000008d8       0x10 D:\Elektro\_Projekty\Radio Si4731-C40\_github\MicrochipStudio projekt - main\Si4731\ArduinoCore\Debug\libArduinoCore.a(hooks.o)
 .debug_ranges  0x000008e8       0x88 D:\Elektro\_Projekty\Radio Si4731-C40\_github\MicrochipStudio projekt - main\Si4731\ArduinoCore\Debug\libArduinoCore.a(twi.o)

.debug_macro
 *(.debug_macro)
OUTPUT(Arduino_Si4735.elf elf32-avr)
LOAD linker stubs